Archive member included to satisfy reference by file (symbol)

E:/msys32/home/Administrator/ESP8266_RTOS_SDK/myproject/tcp_client/build/bootloader/main\libmain.a(bootloader_start.o)
                              (call_start_cpu)
E:/msys32/home/Administrator/ESP8266_RTOS_SDK/myproject/tcp_client/build/bootloader/bootloader_support\libbootloader_support.a(bootloader_utility.o)
                              E:/msys32/home/Administrator/ESP8266_RTOS_SDK/myproject/tcp_client/build/bootloader/main\libmain.a(bootloader_start.o) (bootloader_utility_load_partition_table)
E:/msys32/home/Administrator/ESP8266_RTOS_SDK/myproject/tcp_client/build/bootloader/bootloader_support\libbootloader_support.a(bootloader_init.o)
                              E:/msys32/home/Administrator/ESP8266_RTOS_SDK/myproject/tcp_client/build/bootloader/main\libmain.a(bootloader_start.o) (bootloader_init)
E:/msys32/home/Administrator/ESP8266_RTOS_SDK/myproject/tcp_client/build/bootloader/bootloader_support\libbootloader_support.a(bootloader_flash.o)
                              E:/msys32/home/Administrator/ESP8266_RTOS_SDK/myproject/tcp_client/build/bootloader/bootloader_support\libbootloader_support.a(bootloader_utility.o) (bootloader_mmap)
E:/msys32/home/Administrator/ESP8266_RTOS_SDK/myproject/tcp_client/build/bootloader/bootloader_support\libbootloader_support.a(esp_image_format.o)
                              E:/msys32/home/Administrator/ESP8266_RTOS_SDK/myproject/tcp_client/build/bootloader/bootloader_support\libbootloader_support.a(bootloader_utility.o) (esp_image_load)
E:/msys32/home/Administrator/ESP8266_RTOS_SDK/myproject/tcp_client/build/bootloader/bootloader_support\libbootloader_support.a(flash_partitions.o)
                              E:/msys32/home/Administrator/ESP8266_RTOS_SDK/myproject/tcp_client/build/bootloader/bootloader_support\libbootloader_support.a(bootloader_utility.o) (esp_partition_table_basic_verify)
E:/msys32/home/Administrator/ESP8266_RTOS_SDK/myproject/tcp_client/build/bootloader/bootloader_support\libbootloader_support.a(bootloader_common.o)
                              E:/msys32/home/Administrator/ESP8266_RTOS_SDK/myproject/tcp_client/build/bootloader/bootloader_support\libbootloader_support.a(bootloader_utility.o) (bootloader_common_ota_select_valid)
E:/msys32/home/Administrator/ESP8266_RTOS_SDK/myproject/tcp_client/build/bootloader/spi_flash\libspi_flash.a(spi_flash.o)
                              E:/msys32/home/Administrator/ESP8266_RTOS_SDK/myproject/tcp_client/build/bootloader/bootloader_support\libbootloader_support.a(flash_partitions.o) (flashchip)
E:/msys32/home/Administrator/ESP8266_RTOS_SDK/myproject/tcp_client/build/bootloader/spi_flash\libspi_flash.a(spi_flash_raw.o)
                              E:/msys32/home/Administrator/ESP8266_RTOS_SDK/myproject/tcp_client/build/bootloader/spi_flash\libspi_flash.a(spi_flash.o) (spi_flash_get_id_raw)
E:/msys32/home/Administrator/ESP8266_RTOS_SDK/myproject/tcp_client/build/bootloader/log\liblog.a(log.o)
                              E:/msys32/home/Administrator/ESP8266_RTOS_SDK/myproject/tcp_client/build/bootloader/bootloader_support\libbootloader_support.a(bootloader_common.o) (esp_log_early_timestamp)
E:/msys32/home/Administrator/ESP8266_RTOS_SDK/myproject/tcp_client/build/bootloader/esp8266\libesp8266.a(ets_printf.o)
                              E:/msys32/home/Administrator/ESP8266_RTOS_SDK/myproject/tcp_client/build/bootloader/log\liblog.a(log.o) (ets_vprintf)
E:/msys32/home/Administrator/ESP8266_RTOS_SDK/myproject/tcp_client/build/bootloader/util\libutil.a(crc.o)
                              E:/msys32/home/Administrator/ESP8266_RTOS_SDK/myproject/tcp_client/build/bootloader/bootloader_support\libbootloader_support.a(bootloader_common.o) (crc32_le)
E:/msys32/home/Administrator/ESP8266_RTOS_SDK/components/esp8266/lib\libcore.a(phy.o)
                              E:/msys32/home/Administrator/ESP8266_RTOS_SDK/myproject/tcp_client/build/bootloader/bootloader_support\libbootloader_support.a(bootloader_init.o) (phy_reg_default)
E:/msys32/home/Administrator/ESP8266_RTOS_SDK/components/esp8266/lib\libcore.a(uart.o)
                              E:/msys32/home/Administrator/ESP8266_RTOS_SDK/myproject/tcp_client/build/bootloader/bootloader_support\libbootloader_support.a(bootloader_init.o) (uart_div_modify)

Allocating common symbols
Common symbol       size              file

esp_image_spi_freq_t
                    0x4               E:/msys32/home/Administrator/ESP8266_RTOS_SDK/myproject/tcp_client/build/bootloader/main\libmain.a(bootloader_start.o)

Discarded input sections

 .text          0x00000000        0x0 E:/msys32/home/Administrator/ESP8266_RTOS_SDK/myproject/tcp_client/build/bootloader/main\libmain.a(bootloader_start.o)
 .data          0x00000000        0x0 E:/msys32/home/Administrator/ESP8266_RTOS_SDK/myproject/tcp_client/build/bootloader/main\libmain.a(bootloader_start.o)
 .bss           0x00000000        0x0 E:/msys32/home/Administrator/ESP8266_RTOS_SDK/myproject/tcp_client/build/bootloader/main\libmain.a(bootloader_start.o)
 .xt.lit        0x00000000       0x18 E:/msys32/home/Administrator/ESP8266_RTOS_SDK/myproject/tcp_client/build/bootloader/main\libmain.a(bootloader_start.o)
 .xt.prop       0x00000000       0xe4 E:/msys32/home/Administrator/ESP8266_RTOS_SDK/myproject/tcp_client/build/bootloader/main\libmain.a(bootloader_start.o)
 COMMON         0x00000000        0x4 E:/msys32/home/Administrator/ESP8266_RTOS_SDK/myproject/tcp_client/build/bootloader/main\libmain.a(bootloader_start.o)
 .text          0x00000000        0x0 E:/msys32/home/Administrator/ESP8266_RTOS_SDK/myproject/tcp_client/build/bootloader/bootloader_support\libbootloader_support.a(bootloader_utility.o)
 .data          0x00000000        0x0 E:/msys32/home/Administrator/ESP8266_RTOS_SDK/myproject/tcp_client/build/bootloader/bootloader_support\libbootloader_support.a(bootloader_utility.o)
 .bss           0x00000000        0x0 E:/msys32/home/Administrator/ESP8266_RTOS_SDK/myproject/tcp_client/build/bootloader/bootloader_support\libbootloader_support.a(bootloader_utility.o)
 .xt.lit        0x00000000       0x30 E:/msys32/home/Administrator/ESP8266_RTOS_SDK/myproject/tcp_client/build/bootloader/bootloader_support\libbootloader_support.a(bootloader_utility.o)
 .xt.prop       0x00000000      0x504 E:/msys32/home/Administrator/ESP8266_RTOS_SDK/myproject/tcp_client/build/bootloader/bootloader_support\libbootloader_support.a(bootloader_utility.o)
 .text          0x00000000        0x0 E:/msys32/home/Administrator/ESP8266_RTOS_SDK/myproject/tcp_client/build/bootloader/bootloader_support\libbootloader_support.a(bootloader_init.o)
 .data          0x00000000        0x0 E:/msys32/home/Administrator/ESP8266_RTOS_SDK/myproject/tcp_client/build/bootloader/bootloader_support\libbootloader_support.a(bootloader_init.o)
 .bss           0x00000000        0x0 E:/msys32/home/Administrator/ESP8266_RTOS_SDK/myproject/tcp_client/build/bootloader/bootloader_support\libbootloader_support.a(bootloader_init.o)
 .xt.lit        0x00000000       0x28 E:/msys32/home/Administrator/ESP8266_RTOS_SDK/myproject/tcp_client/build/bootloader/bootloader_support\libbootloader_support.a(bootloader_init.o)
 .xt.prop       0x00000000      0x258 E:/msys32/home/Administrator/ESP8266_RTOS_SDK/myproject/tcp_client/build/bootloader/bootloader_support\libbootloader_support.a(bootloader_init.o)
 .literal.bootloader_flash_write
                0x00000000       0x28 E:/msys32/home/Administrator/ESP8266_RTOS_SDK/myproject/tcp_client/build/bootloader/bootloader_support\libbootloader_support.a(bootloader_flash.o)
 .literal.bootloader_flash_erase_sector
                0x00000000        0x4 E:/msys32/home/Administrator/ESP8266_RTOS_SDK/myproject/tcp_client/build/bootloader/bootloader_support\libbootloader_support.a(bootloader_flash.o)
 .text          0x00000000        0x0 E:/msys32/home/Administrator/ESP8266_RTOS_SDK/myproject/tcp_client/build/bootloader/bootloader_support\libbootloader_support.a(bootloader_flash.o)
 .data          0x00000000        0x0 E:/msys32/home/Administrator/ESP8266_RTOS_SDK/myproject/tcp_client/build/bootloader/bootloader_support\libbootloader_support.a(bootloader_flash.o)
 .bss           0x00000000        0x0 E:/msys32/home/Administrator/ESP8266_RTOS_SDK/myproject/tcp_client/build/bootloader/bootloader_support\libbootloader_support.a(bootloader_flash.o)
 .text.bootloader_flash_write
                0x00000000       0x9d E:/msys32/home/Administrator/ESP8266_RTOS_SDK/myproject/tcp_client/build/bootloader/bootloader_support\libbootloader_support.a(bootloader_flash.o)
 .text.bootloader_flash_erase_sector
                0x00000000       0x15 E:/msys32/home/Administrator/ESP8266_RTOS_SDK/myproject/tcp_client/build/bootloader/bootloader_support\libbootloader_support.a(bootloader_flash.o)
 .xt.lit        0x00000000       0x30 E:/msys32/home/Administrator/ESP8266_RTOS_SDK/myproject/tcp_client/build/bootloader/bootloader_support\libbootloader_support.a(bootloader_flash.o)
 .xt.prop       0x00000000      0x204 E:/msys32/home/Administrator/ESP8266_RTOS_SDK/myproject/tcp_client/build/bootloader/bootloader_support\libbootloader_support.a(bootloader_flash.o)
 .literal.esp_image_verify_bootloader
                0x00000000        0x8 E:/msys32/home/Administrator/ESP8266_RTOS_SDK/myproject/tcp_client/build/bootloader/bootloader_support\libbootloader_support.a(esp_image_format.o)
 .text          0x00000000        0x0 E:/msys32/home/Administrator/ESP8266_RTOS_SDK/myproject/tcp_client/build/bootloader/bootloader_support\libbootloader_support.a(esp_image_format.o)
 .data          0x00000000        0x0 E:/msys32/home/Administrator/ESP8266_RTOS_SDK/myproject/tcp_client/build/bootloader/bootloader_support\libbootloader_support.a(esp_image_format.o)
 .bss           0x00000000        0x0 E:/msys32/home/Administrator/ESP8266_RTOS_SDK/myproject/tcp_client/build/bootloader/bootloader_support\libbootloader_support.a(esp_image_format.o)
 .text.esp_image_verify_bootloader
                0x00000000       0x41 E:/msys32/home/Administrator/ESP8266_RTOS_SDK/myproject/tcp_client/build/bootloader/bootloader_support\libbootloader_support.a(esp_image_format.o)
 .xt.lit        0x00000000       0x40 E:/msys32/home/Administrator/ESP8266_RTOS_SDK/myproject/tcp_client/build/bootloader/bootloader_support\libbootloader_support.a(esp_image_format.o)
 .xt.prop       0x00000000      0x474 E:/msys32/home/Administrator/ESP8266_RTOS_SDK/myproject/tcp_client/build/bootloader/bootloader_support\libbootloader_support.a(esp_image_format.o)
 .text          0x00000000        0x0 E:/msys32/home/Administrator/ESP8266_RTOS_SDK/myproject/tcp_client/build/bootloader/bootloader_support\libbootloader_support.a(flash_partitions.o)
 .data          0x00000000        0x0 E:/msys32/home/Administrator/ESP8266_RTOS_SDK/myproject/tcp_client/build/bootloader/bootloader_support\libbootloader_support.a(flash_partitions.o)
 .bss           0x00000000        0x0 E:/msys32/home/Administrator/ESP8266_RTOS_SDK/myproject/tcp_client/build/bootloader/bootloader_support\libbootloader_support.a(flash_partitions.o)
 .xt.lit        0x00000000        0x8 E:/msys32/home/Administrator/ESP8266_RTOS_SDK/myproject/tcp_client/build/bootloader/bootloader_support\libbootloader_support.a(flash_partitions.o)
 .xt.prop       0x00000000       0xfc E:/msys32/home/Administrator/ESP8266_RTOS_SDK/myproject/tcp_client/build/bootloader/bootloader_support\libbootloader_support.a(flash_partitions.o)
 .literal.bootloader_common_check_long_hold_gpio
                0x00000000       0x58 E:/msys32/home/Administrator/ESP8266_RTOS_SDK/myproject/tcp_client/build/bootloader/bootloader_support\libbootloader_support.a(bootloader_common.o)
 .text          0x00000000        0x0 E:/msys32/home/Administrator/ESP8266_RTOS_SDK/myproject/tcp_client/build/bootloader/bootloader_support\libbootloader_support.a(bootloader_common.o)
 .data          0x00000000        0x0 E:/msys32/home/Administrator/ESP8266_RTOS_SDK/myproject/tcp_client/build/bootloader/bootloader_support\libbootloader_support.a(bootloader_common.o)
 .bss           0x00000000        0x0 E:/msys32/home/Administrator/ESP8266_RTOS_SDK/myproject/tcp_client/build/bootloader/bootloader_support\libbootloader_support.a(bootloader_common.o)
 .text.bootloader_common_check_long_hold_gpio
                0x00000000      0x22c E:/msys32/home/Administrator/ESP8266_RTOS_SDK/myproject/tcp_client/build/bootloader/bootloader_support\libbootloader_support.a(bootloader_common.o)
 .xt.lit        0x00000000       0x18 E:/msys32/home/Administrator/ESP8266_RTOS_SDK/myproject/tcp_client/build/bootloader/bootloader_support\libbootloader_support.a(bootloader_common.o)
 .xt.prop       0x00000000      0x420 E:/msys32/home/Administrator/ESP8266_RTOS_SDK/myproject/tcp_client/build/bootloader/bootloader_support\libbootloader_support.a(bootloader_common.o)
 .literal.spi_flash_program
                0x00000000       0x20 E:/msys32/home/Administrator/ESP8266_RTOS_SDK/myproject/tcp_client/build/bootloader/spi_flash\libspi_flash.a(spi_flash.o)
 .literal.__spi_flash_write
                0x00000000        0x8 E:/msys32/home/Administrator/ESP8266_RTOS_SDK/myproject/tcp_client/build/bootloader/spi_flash\libspi_flash.a(spi_flash.o)
 .literal.__spi_flash_read
                0x00000000       0x10 E:/msys32/home/Administrator/ESP8266_RTOS_SDK/myproject/tcp_client/build/bootloader/spi_flash\libspi_flash.a(spi_flash.o)
 .literal.spi_flash_write_status
                0x00000000        0xc E:/msys32/home/Administrator/ESP8266_RTOS_SDK/myproject/tcp_client/build/bootloader/spi_flash\libspi_flash.a(spi_flash.o)
 .literal.spi_flash_check_wr_protect
                0x00000000       0x4c E:/msys32/home/Administrator/ESP8266_RTOS_SDK/myproject/tcp_client/build/bootloader/spi_flash\libspi_flash.a(spi_flash.o)
 .literal.spi_flash_erase_sector
                0x00000000       0x18 E:/msys32/home/Administrator/ESP8266_RTOS_SDK/myproject/tcp_client/build/bootloader/spi_flash\libspi_flash.a(spi_flash.o)
 .literal.spi_flash_read
                0x00000000       0x24 E:/msys32/home/Administrator/ESP8266_RTOS_SDK/myproject/tcp_client/build/bootloader/spi_flash\libspi_flash.a(spi_flash.o)
 .literal.spi_flash_write
                0x00000000       0x3c E:/msys32/home/Administrator/ESP8266_RTOS_SDK/myproject/tcp_client/build/bootloader/spi_flash\libspi_flash.a(spi_flash.o)
 .literal.spi_flash_erase_range
                0x00000000       0x10 E:/msys32/home/Administrator/ESP8266_RTOS_SDK/myproject/tcp_client/build/bootloader/spi_flash\libspi_flash.a(spi_flash.o)
 .literal.spi_flash_cache2phys
                0x00000000       0x14 E:/msys32/home/Administrator/ESP8266_RTOS_SDK/myproject/tcp_client/build/bootloader/spi_flash\libspi_flash.a(spi_flash.o)
 .text          0x00000000        0x0 E:/msys32/home/Administrator/ESP8266_RTOS_SDK/myproject/tcp_client/build/bootloader/spi_flash\libspi_flash.a(spi_flash.o)
 .data          0x00000000        0x0 E:/msys32/home/Administrator/ESP8266_RTOS_SDK/myproject/tcp_client/build/bootloader/spi_flash\libspi_flash.a(spi_flash.o)
 .bss           0x00000000        0x0 E:/msys32/home/Administrator/ESP8266_RTOS_SDK/myproject/tcp_client/build/bootloader/spi_flash\libspi_flash.a(spi_flash.o)
 .text.spi_flash_program
                0x00000000       0xcb E:/msys32/home/Administrator/ESP8266_RTOS_SDK/myproject/tcp_client/build/bootloader/spi_flash\libspi_flash.a(spi_flash.o)
 .text.__spi_flash_write
                0x00000000       0x23 E:/msys32/home/Administrator/ESP8266_RTOS_SDK/myproject/tcp_client/build/bootloader/spi_flash\libspi_flash.a(spi_flash.o)
 .text.__spi_flash_read
                0x00000000       0x31 E:/msys32/home/Administrator/ESP8266_RTOS_SDK/myproject/tcp_client/build/bootloader/spi_flash\libspi_flash.a(spi_flash.o)
 .text.spi_flash_write_status
                0x00000000       0x2a E:/msys32/home/Administrator/ESP8266_RTOS_SDK/myproject/tcp_client/build/bootloader/spi_flash\libspi_flash.a(spi_flash.o)
 .text.spi_flash_check_wr_protect
                0x00000000      0x161 E:/msys32/home/Administrator/ESP8266_RTOS_SDK/myproject/tcp_client/build/bootloader/spi_flash\libspi_flash.a(spi_flash.o)
 .text.spi_flash_erase_sector
                0x00000000       0x56 E:/msys32/home/Administrator/ESP8266_RTOS_SDK/myproject/tcp_client/build/bootloader/spi_flash\libspi_flash.a(spi_flash.o)
 .text.spi_flash_read
                0x00000000      0x110 E:/msys32/home/Administrator/ESP8266_RTOS_SDK/myproject/tcp_client/build/bootloader/spi_flash\libspi_flash.a(spi_flash.o)
 .text.spi_flash_write
                0x00000000      0x170 E:/msys32/home/Administrator/ESP8266_RTOS_SDK/myproject/tcp_client/build/bootloader/spi_flash\libspi_flash.a(spi_flash.o)
 .text.spi_flash_erase_range
                0x00000000       0x6d E:/msys32/home/Administrator/ESP8266_RTOS_SDK/myproject/tcp_client/build/bootloader/spi_flash\libspi_flash.a(spi_flash.o)
 .text.spi_flash_cache2phys
                0x00000000       0x48 E:/msys32/home/Administrator/ESP8266_RTOS_SDK/myproject/tcp_client/build/bootloader/spi_flash\libspi_flash.a(spi_flash.o)
 .xt.lit        0x00000000       0xc8 E:/msys32/home/Administrator/ESP8266_RTOS_SDK/myproject/tcp_client/build/bootloader/spi_flash\libspi_flash.a(spi_flash.o)
 .xt.prop       0x00000000      0xbac E:/msys32/home/Administrator/ESP8266_RTOS_SDK/myproject/tcp_client/build/bootloader/spi_flash\libspi_flash.a(spi_flash.o)
 .literal.spi_flash_write_status_raw
                0x00000000       0x1c E:/msys32/home/Administrator/ESP8266_RTOS_SDK/myproject/tcp_client/build/bootloader/spi_flash\libspi_flash.a(spi_flash_raw.o)
 .literal.spi_flash_erase_sector_raw
                0x00000000       0x14 E:/msys32/home/Administrator/ESP8266_RTOS_SDK/myproject/tcp_client/build/bootloader/spi_flash\libspi_flash.a(spi_flash_raw.o)
 .literal.spi_flash_write_raw
                0x00000000        0xc E:/msys32/home/Administrator/ESP8266_RTOS_SDK/myproject/tcp_client/build/bootloader/spi_flash\libspi_flash.a(spi_flash_raw.o)
 .literal.spi_flash_read_raw
                0x00000000        0xc E:/msys32/home/Administrator/ESP8266_RTOS_SDK/myproject/tcp_client/build/bootloader/spi_flash\libspi_flash.a(spi_flash_raw.o)
 .text          0x00000000        0x0 E:/msys32/home/Administrator/ESP8266_RTOS_SDK/myproject/tcp_client/build/bootloader/spi_flash\libspi_flash.a(spi_flash_raw.o)
 .data          0x00000000        0x0 E:/msys32/home/Administrator/ESP8266_RTOS_SDK/myproject/tcp_client/build/bootloader/spi_flash\libspi_flash.a(spi_flash_raw.o)
 .bss           0x00000000        0x0 E:/msys32/home/Administrator/ESP8266_RTOS_SDK/myproject/tcp_client/build/bootloader/spi_flash\libspi_flash.a(spi_flash_raw.o)
 .text.spi_flash_write_status_raw
                0x00000000       0x5c E:/msys32/home/Administrator/ESP8266_RTOS_SDK/myproject/tcp_client/build/bootloader/spi_flash\libspi_flash.a(spi_flash_raw.o)
 .text.spi_flash_erase_sector_raw
                0x00000000       0x54 E:/msys32/home/Administrator/ESP8266_RTOS_SDK/myproject/tcp_client/build/bootloader/spi_flash\libspi_flash.a(spi_flash_raw.o)
 .text.spi_flash_write_raw
                0x00000000       0x43 E:/msys32/home/Administrator/ESP8266_RTOS_SDK/myproject/tcp_client/build/bootloader/spi_flash\libspi_flash.a(spi_flash_raw.o)
 .text.spi_flash_read_raw
                0x00000000       0x43 E:/msys32/home/Administrator/ESP8266_RTOS_SDK/myproject/tcp_client/build/bootloader/spi_flash\libspi_flash.a(spi_flash_raw.o)
 .xt.lit        0x00000000       0x58 E:/msys32/home/Administrator/ESP8266_RTOS_SDK/myproject/tcp_client/build/bootloader/spi_flash\libspi_flash.a(spi_flash_raw.o)
 .xt.prop       0x00000000      0x360 E:/msys32/home/Administrator/ESP8266_RTOS_SDK/myproject/tcp_client/build/bootloader/spi_flash\libspi_flash.a(spi_flash_raw.o)
 .text          0x00000000        0x0 E:/msys32/home/Administrator/ESP8266_RTOS_SDK/myproject/tcp_client/build/bootloader/log\liblog.a(log.o)
 .data          0x00000000        0x0 E:/msys32/home/Administrator/ESP8266_RTOS_SDK/myproject/tcp_client/build/bootloader/log\liblog.a(log.o)
 .bss           0x00000000        0x0 E:/msys32/home/Administrator/ESP8266_RTOS_SDK/myproject/tcp_client/build/bootloader/log\liblog.a(log.o)
 .xt.lit        0x00000000        0x8 E:/msys32/home/Administrator/ESP8266_RTOS_SDK/myproject/tcp_client/build/bootloader/log\liblog.a(log.o)
 .xt.prop       0x00000000       0xb4 E:/msys32/home/Administrator/ESP8266_RTOS_SDK/myproject/tcp_client/build/bootloader/log\liblog.a(log.o)
 .text          0x00000000        0x0 E:/msys32/home/Administrator/ESP8266_RTOS_SDK/myproject/tcp_client/build/bootloader/esp8266\libesp8266.a(ets_printf.o)
 .data          0x00000000        0x0 E:/msys32/home/Administrator/ESP8266_RTOS_SDK/myproject/tcp_client/build/bootloader/esp8266\libesp8266.a(ets_printf.o)
 .bss           0x00000000        0x0 E:/msys32/home/Administrator/ESP8266_RTOS_SDK/myproject/tcp_client/build/bootloader/esp8266\libesp8266.a(ets_printf.o)
 .xt.lit        0x00000000       0x20 E:/msys32/home/Administrator/ESP8266_RTOS_SDK/myproject/tcp_client/build/bootloader/esp8266\libesp8266.a(ets_printf.o)
 .xt.prop       0x00000000       0xcc E:/msys32/home/Administrator/ESP8266_RTOS_SDK/myproject/tcp_client/build/bootloader/esp8266\libesp8266.a(ets_printf.o)
 .literal.crc16_le
                0x00000000        0x4 E:/msys32/home/Administrator/ESP8266_RTOS_SDK/myproject/tcp_client/build/bootloader/util\libutil.a(crc.o)
 .literal.esp_crc8
                0x00000000        0x4 E:/msys32/home/Administrator/ESP8266_RTOS_SDK/myproject/tcp_client/build/bootloader/util\libutil.a(crc.o)
 .text          0x00000000        0x0 E:/msys32/home/Administrator/ESP8266_RTOS_SDK/myproject/tcp_client/build/bootloader/util\libutil.a(crc.o)
 .data          0x00000000        0x0 E:/msys32/home/Administrator/ESP8266_RTOS_SDK/myproject/tcp_client/build/bootloader/util\libutil.a(crc.o)
 .bss           0x00000000        0x0 E:/msys32/home/Administrator/ESP8266_RTOS_SDK/myproject/tcp_client/build/bootloader/util\libutil.a(crc.o)
 .text.crc16_le
                0x00000000       0x39 E:/msys32/home/Administrator/ESP8266_RTOS_SDK/myproject/tcp_client/build/bootloader/util\libutil.a(crc.o)
 .text.esp_crc8
                0x00000000       0x21 E:/msys32/home/Administrator/ESP8266_RTOS_SDK/myproject/tcp_client/build/bootloader/util\libutil.a(crc.o)
 .rodata.crc8_le_table
                0x00000000      0x100 E:/msys32/home/Administrator/ESP8266_RTOS_SDK/myproject/tcp_client/build/bootloader/util\libutil.a(crc.o)
 .rodata.crc16_le_table
                0x00000000      0x200 E:/msys32/home/Administrator/ESP8266_RTOS_SDK/myproject/tcp_client/build/bootloader/util\libutil.a(crc.o)
 .xt.lit        0x00000000       0x18 E:/msys32/home/Administrator/ESP8266_RTOS_SDK/myproject/tcp_client/build/bootloader/util\libutil.a(crc.o)
 .xt.prop       0x00000000       0xfc E:/msys32/home/Administrator/ESP8266_RTOS_SDK/myproject/tcp_client/build/bootloader/util\libutil.a(crc.o)
 .literal.phy_reg_default
                0x00000000        0x0 E:/msys32/home/Administrator/ESP8266_RTOS_SDK/components/esp8266/lib\libcore.a(phy.o)
 .text          0x00000000        0x0 E:/msys32/home/Administrator/ESP8266_RTOS_SDK/components/esp8266/lib\libcore.a(phy.o)
 .data          0x00000000        0x0 E:/msys32/home/Administrator/ESP8266_RTOS_SDK/components/esp8266/lib\libcore.a(phy.o)
 .bss           0x00000000        0x0 E:/msys32/home/Administrator/ESP8266_RTOS_SDK/components/esp8266/lib\libcore.a(phy.o)
 .xt.lit        0x00000000        0x8 E:/msys32/home/Administrator/ESP8266_RTOS_SDK/components/esp8266/lib\libcore.a(phy.o)
 .xt.prop       0x00000000       0x48 E:/msys32/home/Administrator/ESP8266_RTOS_SDK/components/esp8266/lib\libcore.a(phy.o)
 .literal.uart_buff_switch
                0x00000000        0x0 E:/msys32/home/Administrator/ESP8266_RTOS_SDK/components/esp8266/lib\libcore.a(uart.o)
 .literal.uart_div_modify
                0x00000000        0x0 E:/msys32/home/Administrator/ESP8266_RTOS_SDK/components/esp8266/lib\libcore.a(uart.o)
 .literal.Uart_Init
                0x00000000        0x0 E:/msys32/home/Administrator/ESP8266_RTOS_SDK/components/esp8266/lib\libcore.a(uart.o)
 .text          0x00000000        0x0 E:/msys32/home/Administrator/ESP8266_RTOS_SDK/components/esp8266/lib\libcore.a(uart.o)
 .data          0x00000000        0x0 E:/msys32/home/Administrator/ESP8266_RTOS_SDK/components/esp8266/lib\libcore.a(uart.o)
 .bss           0x00000000        0x0 E:/msys32/home/Administrator/ESP8266_RTOS_SDK/components/esp8266/lib\libcore.a(uart.o)
 .text.uart_buff_switch
                0x00000000        0x2 E:/msys32/home/Administrator/ESP8266_RTOS_SDK/components/esp8266/lib\libcore.a(uart.o)
 .text.Uart_Init
                0x00000000        0x2 E:/msys32/home/Administrator/ESP8266_RTOS_SDK/components/esp8266/lib\libcore.a(uart.o)
 .xt.lit        0x00000000        0x8 E:/msys32/home/Administrator/ESP8266_RTOS_SDK/components/esp8266/lib\libcore.a(uart.o)
 .xt.prop       0x00000000       0x78 E:/msys32/home/Administrator/ESP8266_RTOS_SDK/components/esp8266/lib\libcore.a(uart.o)

Memory Configuration

Name             Origin             Length             Attributes
dport0_seg       0x3ff00000         0x00000010
dram_seg         0x3ffe8000         0x00017c00
iram_seg         0x40100000         0x00008000
*default*        0x00000000         0xffffffff

Linker script and memory map

START GROUP
LOAD E:/msys32/home/Administrator/ESP8266_RTOS_SDK/myproject/tcp_client/build/bootloader/main\libmain.a
LOAD E:/msys32/home/Administrator/ESP8266_RTOS_SDK/components/esp8266/lib\libcore.a
LOAD E:/msys32/home/Administrator/ESP8266_RTOS_SDK/myproject/tcp_client/build/bootloader/bootloader_support\libbootloader_support.a
LOAD E:/msys32/home/Administrator/ESP8266_RTOS_SDK/myproject/tcp_client/build/bootloader/spi_flash\libspi_flash.a
LOAD E:/msys32/home/Administrator/ESP8266_RTOS_SDK/myproject/tcp_client/build/bootloader/log\liblog.a
LOAD E:/msys32/home/Administrator/ESP8266_RTOS_SDK/myproject/tcp_client/build/bootloader/esp8266\libesp8266.a
LOAD E:/msys32/home/Administrator/ESP8266_RTOS_SDK/myproject/tcp_client/build/bootloader/util\libutil.a
LOAD E:/msys32/home/Administrator/ESP8266_RTOS_SDK/components/esp8266/lib\libgcc.a
LOAD e:/msys32/opt/xtensa-lx106-elf/bin/../lib/gcc/xtensa-lx106-elf/5.2.0/../../../../xtensa-lx106-elf/lib\libstdc++.a
LOAD e:/msys32/opt/xtensa-lx106-elf/bin/../lib/gcc/xtensa-lx106-elf/5.2.0\libgcov.a
END GROUP

.text           0x40100000     0x1c1a
                0x40100000                _stext = .
                0x40100000                _text_start = ABSOLUTE (.)
                0x40100000                . = ALIGN (0x10)
 *(.entry.text)
 *(.init.literal)
 *(.init)
 *(.literal .text .literal.* .text.* .stub .gnu.warning .gnu.linkonce.literal.* .gnu.linkonce.t.*.literal .gnu.linkonce.t.*)
 .literal.selected_boot_partition
                0x40100000        0x0 E:/msys32/home/Administrator/ESP8266_RTOS_SDK/myproject/tcp_client/build/bootloader/main\libmain.a(bootloader_start.o)
                                  0x4 (size before relaxing)
 .literal.select_image
                0x40100000        0xc E:/msys32/home/Administrator/ESP8266_RTOS_SDK/myproject/tcp_client/build/bootloader/main\libmain.a(bootloader_start.o)
                                 0x1c (size before relaxing)
 .literal.call_start_cpu
                0x4010000c        0x0 E:/msys32/home/Administrator/ESP8266_RTOS_SDK/myproject/tcp_client/build/bootloader/main\libmain.a(bootloader_start.o)
                                  0xc (size before relaxing)
 .literal.log_invalid_app_partition
                0x4010000c       0x14 E:/msys32/home/Administrator/ESP8266_RTOS_SDK/myproject/tcp_client/build/bootloader/bootloader_support\libbootloader_support.a(bootloader_utility.o)
                                 0x20 (size before relaxing)
 .literal.try_load_partition
                0x40100020        0x4 E:/msys32/home/Administrator/ESP8266_RTOS_SDK/myproject/tcp_client/build/bootloader/bootloader_support\libbootloader_support.a(bootloader_utility.o)
                                 0x10 (size before relaxing)
 .literal.bootloader_utility_load_partition_table
                0x40100024       0x48 E:/msys32/home/Administrator/ESP8266_RTOS_SDK/myproject/tcp_client/build/bootloader/bootloader_support\libbootloader_support.a(bootloader_utility.o)
                                 0x70 (size before relaxing)
 .literal.bootloader_utility_get_selected_boot_partition
                0x4010006c       0x1c E:/msys32/home/Administrator/ESP8266_RTOS_SDK/myproject/tcp_client/build/bootloader/bootloader_support\libbootloader_support.a(bootloader_utility.o)
                                 0x5c (size before relaxing)
 .literal.bootloader_utility_load_boot_image
                0x40100088        0xc E:/msys32/home/Administrator/ESP8266_RTOS_SDK/myproject/tcp_client/build/bootloader/bootloader_support\libbootloader_support.a(bootloader_utility.o)
                                 0x40 (size before relaxing)
 .literal.bootloader_utility_load_image
                0x40100094       0x14 E:/msys32/home/Administrator/ESP8266_RTOS_SDK/myproject/tcp_client/build/bootloader/bootloader_support\libbootloader_support.a(bootloader_utility.o)
                                 0x1c (size before relaxing)
 .literal.print_flash_info
                0x401000a8       0x48 E:/msys32/home/Administrator/ESP8266_RTOS_SDK/myproject/tcp_client/build/bootloader/bootloader_support\libbootloader_support.a(bootloader_init.o)
                                 0x54 (size before relaxing)
 .literal.uart_console_configure
                0x401000f0        0x0 E:/msys32/home/Administrator/ESP8266_RTOS_SDK/myproject/tcp_client/build/bootloader/bootloader_support\libbootloader_support.a(bootloader_init.o)
                                  0x4 (size before relaxing)
 .literal.update_flash_config
                0x401000f0        0x4 E:/msys32/home/Administrator/ESP8266_RTOS_SDK/myproject/tcp_client/build/bootloader/bootloader_support\libbootloader_support.a(bootloader_init.o)
                                  0x8 (size before relaxing)
 .literal.bootloader_main
                0x401000f4       0x10 E:/msys32/home/Administrator/ESP8266_RTOS_SDK/myproject/tcp_client/build/bootloader/bootloader_support\libbootloader_support.a(bootloader_init.o)
                                 0x34 (size before relaxing)
 .literal.bootloader_init
                0x40100104        0x8 E:/msys32/home/Administrator/ESP8266_RTOS_SDK/myproject/tcp_client/build/bootloader/bootloader_support\libbootloader_support.a(bootloader_init.o)
                                 0x10 (size before relaxing)
 .literal.bootloader_flash_read_no_decrypt
                0x4010010c        0x4 E:/msys32/home/Administrator/ESP8266_RTOS_SDK/myproject/tcp_client/build/bootloader/bootloader_support\libbootloader_support.a(bootloader_flash.o)
 .literal.bootloader_mmap
                0x40100110       0x10 E:/msys32/home/Administrator/ESP8266_RTOS_SDK/myproject/tcp_client/build/bootloader/bootloader_support\libbootloader_support.a(bootloader_flash.o)
                                 0x28 (size before relaxing)
 .literal.bootloader_munmap
                0x40100120        0x0 E:/msys32/home/Administrator/ESP8266_RTOS_SDK/myproject/tcp_client/build/bootloader/bootloader_support\libbootloader_support.a(bootloader_flash.o)
                                  0x8 (size before relaxing)
 .literal.bootloader_flash_read
                0x40100120        0xc E:/msys32/home/Administrator/ESP8266_RTOS_SDK/myproject/tcp_client/build/bootloader/bootloader_support\libbootloader_support.a(bootloader_flash.o)
                                 0x20 (size before relaxing)
 .literal.should_map
                0x4010012c        0x4 E:/msys32/home/Administrator/ESP8266_RTOS_SDK/myproject/tcp_client/build/bootloader/bootloader_support\libbootloader_support.a(esp_image_format.o)
                                  0x8 (size before relaxing)
 .literal.should_load
                0x40100130        0x0 E:/msys32/home/Administrator/ESP8266_RTOS_SDK/myproject/tcp_client/build/bootloader/bootloader_support\libbootloader_support.a(esp_image_format.o)
                                  0x4 (size before relaxing)
 .literal.verify_image_header
                0x40100130       0x14 E:/msys32/home/Administrator/ESP8266_RTOS_SDK/myproject/tcp_client/build/bootloader/bootloader_support\libbootloader_support.a(esp_image_format.o)
                                 0x20 (size before relaxing)
 .literal.process_segment_data
                0x40100144        0x8 E:/msys32/home/Administrator/ESP8266_RTOS_SDK/myproject/tcp_client/build/bootloader/bootloader_support\libbootloader_support.a(esp_image_format.o)
                                 0x14 (size before relaxing)
 .literal.verify_checksum
                0x4010014c        0x8 E:/msys32/home/Administrator/ESP8266_RTOS_SDK/myproject/tcp_client/build/bootloader/bootloader_support\libbootloader_support.a(esp_image_format.o)
                                 0x1c (size before relaxing)
 .literal.process_segment
                0x40100154       0x18 E:/msys32/home/Administrator/ESP8266_RTOS_SDK/myproject/tcp_client/build/bootloader/bootloader_support\libbootloader_support.a(esp_image_format.o)
                                 0x40 (size before relaxing)
 .literal.esp_image_load
                0x4010016c       0x14 E:/msys32/home/Administrator/ESP8266_RTOS_SDK/myproject/tcp_client/build/bootloader/bootloader_support\libbootloader_support.a(esp_image_format.o)
                                 0x44 (size before relaxing)
 .literal.esp_partition_table_basic_verify
                0x40100180       0x1c E:/msys32/home/Administrator/ESP8266_RTOS_SDK/myproject/tcp_client/build/bootloader/bootloader_support\libbootloader_support.a(flash_partitions.o)
                                 0x2c (size before relaxing)
 .literal.bootloader_common_ota_select_crc
                0x4010019c        0x0 E:/msys32/home/Administrator/ESP8266_RTOS_SDK/myproject/tcp_client/build/bootloader/bootloader_support\libbootloader_support.a(bootloader_common.o)
                                  0x4 (size before relaxing)
 .literal.bootloader_common_ota_select_valid
                0x4010019c        0x0 E:/msys32/home/Administrator/ESP8266_RTOS_SDK/myproject/tcp_client/build/bootloader/bootloader_support\libbootloader_support.a(bootloader_common.o)
                                  0x4 (size before relaxing)
 .literal.spi_user_cmd
                0x4010019c        0x4 E:/msys32/home/Administrator/ESP8266_RTOS_SDK/myproject/tcp_client/build/bootloader/spi_flash\libspi_flash.a(spi_flash.o)
                                  0xc (size before relaxing)
 .literal.special_flash_read_status
                0x401001a0        0x0 E:/msys32/home/Administrator/ESP8266_RTOS_SDK/myproject/tcp_client/build/bootloader/spi_flash\libspi_flash.a(spi_flash.o)
                                  0x4 (size before relaxing)
 .literal.flash_gd25q32c_read_status
                0x401001a0        0x0 E:/msys32/home/Administrator/ESP8266_RTOS_SDK/myproject/tcp_client/build/bootloader/spi_flash\libspi_flash.a(spi_flash.o)
                                  0x4 (size before relaxing)
 .literal.special_flash_write_status
                0x401001a0        0x0 E:/msys32/home/Administrator/ESP8266_RTOS_SDK/myproject/tcp_client/build/bootloader/spi_flash\libspi_flash.a(spi_flash.o)
                                  0x8 (size before relaxing)
 .literal.spi_flash_enable_qio_bit6
                0x401001a0        0x0 E:/msys32/home/Administrator/ESP8266_RTOS_SDK/myproject/tcp_client/build/bootloader/spi_flash\libspi_flash.a(spi_flash.o)
                                  0x4 (size before relaxing)
 .literal.flash_gd25q32c_write_status
                0x401001a0        0x0 E:/msys32/home/Administrator/ESP8266_RTOS_SDK/myproject/tcp_client/build/bootloader/spi_flash\libspi_flash.a(spi_flash.o)
                                  0x4 (size before relaxing)
 .literal.flash_gd25q32c_enable_QIO_mode
                0x401001a0        0x0 E:/msys32/home/Administrator/ESP8266_RTOS_SDK/myproject/tcp_client/build/bootloader/spi_flash\libspi_flash.a(spi_flash.o)
                                  0xc (size before relaxing)
 .literal.en25q16x_read_sfdp
                0x401001a0        0x4 E:/msys32/home/Administrator/ESP8266_RTOS_SDK/myproject/tcp_client/build/bootloader/spi_flash\libspi_flash.a(spi_flash.o)
                                  0x8 (size before relaxing)
 .literal.spi_flash_get_id
                0x401001a4        0x0 E:/msys32/home/Administrator/ESP8266_RTOS_SDK/myproject/tcp_client/build/bootloader/spi_flash\libspi_flash.a(spi_flash.o)
                                  0xc (size before relaxing)
 .literal.spi_flash_read_status
                0x401001a4        0x0 E:/msys32/home/Administrator/ESP8266_RTOS_SDK/myproject/tcp_client/build/bootloader/spi_flash\libspi_flash.a(spi_flash.o)
                                  0xc (size before relaxing)
 .literal.spi_flash_issi_enable_QIO_mode
                0x401001a4        0x0 E:/msys32/home/Administrator/ESP8266_RTOS_SDK/myproject/tcp_client/build/bootloader/spi_flash\libspi_flash.a(spi_flash.o)
                                  0xc (size before relaxing)
 .literal.special_flash_set_mode
                0x401001a4        0x0 E:/msys32/home/Administrator/ESP8266_RTOS_SDK/myproject/tcp_client/build/bootloader/spi_flash\libspi_flash.a(spi_flash.o)
                                  0x8 (size before relaxing)
 .literal.en25q16x_write_volatile_status
                0x401001a4        0x0 E:/msys32/home/Administrator/ESP8266_RTOS_SDK/myproject/tcp_client/build/bootloader/spi_flash\libspi_flash.a(spi_flash.o)
                                 0x14 (size before relaxing)
 .literal.user_spi_flash_dio_to_qio_pre_init
                0x401001a4       0x10 E:/msys32/home/Administrator/ESP8266_RTOS_SDK/myproject/tcp_client/build/bootloader/spi_flash\libspi_flash.a(spi_flash.o)
                                 0x34 (size before relaxing)
 .literal.esp_spi_flash_init
                0x401001b4       0x20 E:/msys32/home/Administrator/ESP8266_RTOS_SDK/myproject/tcp_client/build/bootloader/spi_flash\libspi_flash.a(spi_flash.o)
                                 0x28 (size before relaxing)
 .literal.Cache_Read_Disable_2
                0x401001d4        0xc E:/msys32/home/Administrator/ESP8266_RTOS_SDK/myproject/tcp_client/build/bootloader/spi_flash\libspi_flash.a(spi_flash_raw.o)
                                 0x10 (size before relaxing)
 .literal.Cache_Read_Enable_2
                0x401001e0        0x4 E:/msys32/home/Administrator/ESP8266_RTOS_SDK/myproject/tcp_client/build/bootloader/spi_flash\libspi_flash.a(spi_flash_raw.o)
                                  0xc (size before relaxing)
 .literal.spi_flash_get_id_raw
                0x401001e4       0x10 E:/msys32/home/Administrator/ESP8266_RTOS_SDK/myproject/tcp_client/build/bootloader/spi_flash\libspi_flash.a(spi_flash_raw.o)
                                 0x1c (size before relaxing)
 .literal.spi_flash_read_status_raw
                0x401001f4        0x4 E:/msys32/home/Administrator/ESP8266_RTOS_SDK/myproject/tcp_client/build/bootloader/spi_flash\libspi_flash.a(spi_flash_raw.o)
                                  0xc (size before relaxing)
 .literal.spi_flash_enable_qmode_raw
                0x401001f8        0x4 E:/msys32/home/Administrator/ESP8266_RTOS_SDK/myproject/tcp_client/build/bootloader/spi_flash\libspi_flash.a(spi_flash_raw.o)
                                 0x10 (size before relaxing)
 .literal.spi_user_cmd_raw
                0x401001fc       0x64 E:/msys32/home/Administrator/ESP8266_RTOS_SDK/myproject/tcp_client/build/bootloader/spi_flash\libspi_flash.a(spi_flash_raw.o)
                                 0x8c (size before relaxing)
 .literal.spi_flash_switch_to_qio_raw
                0x40100260        0x8 E:/msys32/home/Administrator/ESP8266_RTOS_SDK/myproject/tcp_client/build/bootloader/spi_flash\libspi_flash.a(spi_flash_raw.o)
                                  0xc (size before relaxing)
 .literal.uart_putc
                0x40100268        0xc E:/msys32/home/Administrator/ESP8266_RTOS_SDK/myproject/tcp_client/build/bootloader/esp8266\libesp8266.a(ets_printf.o)
 .literal.ets_putc
                0x40100274        0x0 E:/msys32/home/Administrator/ESP8266_RTOS_SDK/myproject/tcp_client/build/bootloader/esp8266\libesp8266.a(ets_printf.o)
                                  0x8 (size before relaxing)
 .literal.ets_vprintf
                0x40100274        0x8 E:/msys32/home/Administrator/ESP8266_RTOS_SDK/myproject/tcp_client/build/bootloader/esp8266\libesp8266.a(ets_printf.o)
 .literal.ets_printf
                0x4010027c        0x0 E:/msys32/home/Administrator/ESP8266_RTOS_SDK/myproject/tcp_client/build/bootloader/esp8266\libesp8266.a(ets_printf.o)
                                  0x4 (size before relaxing)
 .literal.crc32_le
                0x4010027c        0x4 E:/msys32/home/Administrator/ESP8266_RTOS_SDK/myproject/tcp_client/build/bootloader/util\libutil.a(crc.o)
 .iram1.literal
                0x40100280       0x24 E:/msys32/home/Administrator/ESP8266_RTOS_SDK/myproject/tcp_client/build/bootloader/log\liblog.a(log.o)
                                 0x38 (size before relaxing)
 .text.selected_boot_partition
                0x401002a4        0xf E:/msys32/home/Administrator/ESP8266_RTOS_SDK/myproject/tcp_client/build/bootloader/main\libmain.a(bootloader_start.o)
                                 0x13 (size before relaxing)
 *fill*         0x401002b3        0x1 
 .text.select_image
                0x401002b4       0x68 E:/msys32/home/Administrator/ESP8266_RTOS_SDK/myproject/tcp_client/build/bootloader/main\libmain.a(bootloader_start.o)
                                 0x70 (size before relaxing)
 .text.call_start_cpu
                0x4010031c       0x26 E:/msys32/home/Administrator/ESP8266_RTOS_SDK/myproject/tcp_client/build/bootloader/main\libmain.a(bootloader_start.o)
                                 0x2e (size before relaxing)
                0x4010031c                call_start_cpu
 *fill*         0x40100342        0x2 
 .text.log_invalid_app_partition
                0x40100344       0x4b E:/msys32/home/Administrator/ESP8266_RTOS_SDK/myproject/tcp_client/build/bootloader/bootloader_support\libbootloader_support.a(bootloader_utility.o)
                                 0x53 (size before relaxing)
 *fill*         0x4010038f        0x1 
 .text.try_load_partition
                0x40100390       0x3d E:/msys32/home/Administrator/ESP8266_RTOS_SDK/myproject/tcp_client/build/bootloader/bootloader_support\libbootloader_support.a(bootloader_utility.o)
                                 0x41 (size before relaxing)
 *fill*         0x401003cd        0x3 
 .text.bootloader_utility_load_partition_table
                0x401003d0      0x16d E:/msys32/home/Administrator/ESP8266_RTOS_SDK/myproject/tcp_client/build/bootloader/bootloader_support\libbootloader_support.a(bootloader_utility.o)
                                0x181 (size before relaxing)
                0x401003d0                bootloader_utility_load_partition_table
 *fill*         0x4010053d        0x3 
 .text.bootloader_utility_get_selected_boot_partition
                0x40100540      0x146 E:/msys32/home/Administrator/ESP8266_RTOS_SDK/myproject/tcp_client/build/bootloader/bootloader_support\libbootloader_support.a(bootloader_utility.o)
                                0x15e (size before relaxing)
                0x40100540                bootloader_utility_get_selected_boot_partition
 *fill*         0x40100686        0x2 
 .text.bootloader_utility_load_boot_image
                0x40100688       0xd6 E:/msys32/home/Administrator/ESP8266_RTOS_SDK/myproject/tcp_client/build/bootloader/bootloader_support\libbootloader_support.a(bootloader_utility.o)
                                 0xfa (size before relaxing)
                0x40100688                bootloader_utility_load_boot_image
 *fill*         0x4010075e        0x2 
 .text.bootloader_utility_load_image
                0x40100760       0x69 E:/msys32/home/Administrator/ESP8266_RTOS_SDK/myproject/tcp_client/build/bootloader/bootloader_support\libbootloader_support.a(bootloader_utility.o)
                0x40100760                bootloader_utility_load_image
 *fill*         0x401007c9        0x3 
 .text.print_flash_info
                0x401007cc       0xc6 E:/msys32/home/Administrator/ESP8266_RTOS_SDK/myproject/tcp_client/build/bootloader/bootloader_support\libbootloader_support.a(bootloader_init.o)
                                 0xca (size before relaxing)
 *fill*         0x40100892        0x2 
 .text.uart_console_configure
                0x40100894       0x17 E:/msys32/home/Administrator/ESP8266_RTOS_SDK/myproject/tcp_client/build/bootloader/bootloader_support\libbootloader_support.a(bootloader_init.o)
 *fill*         0x401008ab        0x1 
 .text.update_flash_config
                0x401008ac       0x21 E:/msys32/home/Administrator/ESP8266_RTOS_SDK/myproject/tcp_client/build/bootloader/bootloader_support\libbootloader_support.a(bootloader_init.o)
 *fill*         0x401008cd        0x3 
 .text.bootloader_main
                0x401008d0       0x69 E:/msys32/home/Administrator/ESP8266_RTOS_SDK/myproject/tcp_client/build/bootloader/bootloader_support\libbootloader_support.a(bootloader_init.o)
                                 0x7d (size before relaxing)
 *fill*         0x40100939        0x3 
 .text.bootloader_init
                0x4010093c       0x25 E:/msys32/home/Administrator/ESP8266_RTOS_SDK/myproject/tcp_client/build/bootloader/bootloader_support\libbootloader_support.a(bootloader_init.o)
                                 0x29 (size before relaxing)
                0x4010093c                bootloader_init
 *fill*         0x40100961        0x3 
 .text.bootloader_flash_read_no_decrypt
                0x40100964       0x15 E:/msys32/home/Administrator/ESP8266_RTOS_SDK/myproject/tcp_client/build/bootloader/bootloader_support\libbootloader_support.a(bootloader_flash.o)
 *fill*         0x40100979        0x3 
 .text.bootloader_mmap
                0x4010097c       0x63 E:/msys32/home/Administrator/ESP8266_RTOS_SDK/myproject/tcp_client/build/bootloader/bootloader_support\libbootloader_support.a(bootloader_flash.o)
                                 0x67 (size before relaxing)
                0x4010097c                bootloader_mmap
 *fill*         0x401009df        0x1 
 .text.bootloader_munmap
                0x401009e0       0x23 E:/msys32/home/Administrator/ESP8266_RTOS_SDK/myproject/tcp_client/build/bootloader/bootloader_support\libbootloader_support.a(bootloader_flash.o)
                0x401009e0                bootloader_munmap
 *fill*         0x40100a03        0x1 
 .text.bootloader_flash_read
                0x40100a04       0x62 E:/msys32/home/Administrator/ESP8266_RTOS_SDK/myproject/tcp_client/build/bootloader/bootloader_support\libbootloader_support.a(bootloader_flash.o)
                                 0x65 (size before relaxing)
                0x40100a04                bootloader_flash_read
 *fill*         0x40100a66        0x2 
 .text.should_map
                0x40100a68       0x15 E:/msys32/home/Administrator/ESP8266_RTOS_SDK/myproject/tcp_client/build/bootloader/bootloader_support\libbootloader_support.a(esp_image_format.o)
 *fill*         0x40100a7d        0x3 
 .text.should_load
                0x40100a80       0x19 E:/msys32/home/Administrator/ESP8266_RTOS_SDK/myproject/tcp_client/build/bootloader/bootloader_support\libbootloader_support.a(esp_image_format.o)
                                 0x1d (size before relaxing)
 *fill*         0x40100a99        0x3 
 .text.verify_image_header
                0x40100a9c       0x7d E:/msys32/home/Administrator/ESP8266_RTOS_SDK/myproject/tcp_client/build/bootloader/bootloader_support\libbootloader_support.a(esp_image_format.o)
                                 0x85 (size before relaxing)
 *fill*         0x40100b19        0x3 
 .text.process_segment_data
                0x40100b1c       0x87 E:/msys32/home/Administrator/ESP8266_RTOS_SDK/myproject/tcp_client/build/bootloader/bootloader_support\libbootloader_support.a(esp_image_format.o)
                                 0x8f (size before relaxing)
 *fill*         0x40100ba3        0x1 
 .text.verify_checksum
                0x40100ba4       0x92 E:/msys32/home/Administrator/ESP8266_RTOS_SDK/myproject/tcp_client/build/bootloader/bootloader_support\libbootloader_support.a(esp_image_format.o)
                                 0x9a (size before relaxing)
 *fill*         0x40100c36        0x2 
 .text.process_segment
                0x40100c38      0x11a E:/msys32/home/Administrator/ESP8266_RTOS_SDK/myproject/tcp_client/build/bootloader/bootloader_support\libbootloader_support.a(esp_image_format.o)
                                0x12a (size before relaxing)
 *fill*         0x40100d52        0x2 
 .text.esp_image_load
                0x40100d54      0x193 E:/msys32/home/Administrator/ESP8266_RTOS_SDK/myproject/tcp_client/build/bootloader/bootloader_support\libbootloader_support.a(esp_image_format.o)
                                0x1ab (size before relaxing)
                0x40100d54                esp_image_load
 *fill*         0x40100ee7        0x1 
 .text.esp_partition_table_basic_verify
                0x40100ee8       0xe7 E:/msys32/home/Administrator/ESP8266_RTOS_SDK/myproject/tcp_client/build/bootloader/bootloader_support\libbootloader_support.a(flash_partitions.o)
                                 0xeb (size before relaxing)
                0x40100ee8                esp_partition_table_basic_verify
 *fill*         0x40100fcf        0x1 
 .text.bootloader_common_ota_select_crc
                0x40100fd0       0x18 E:/msys32/home/Administrator/ESP8266_RTOS_SDK/myproject/tcp_client/build/bootloader/bootloader_support\libbootloader_support.a(bootloader_common.o)
                0x40100fd0                bootloader_common_ota_select_crc
 .text.bootloader_common_ota_select_valid
                0x40100fe8       0x2c E:/msys32/home/Administrator/ESP8266_RTOS_SDK/myproject/tcp_client/build/bootloader/bootloader_support\libbootloader_support.a(bootloader_common.o)
                0x40100fe8                bootloader_common_ota_select_valid
 .text.spi_user_cmd
                0x40101014       0x4d E:/msys32/home/Administrator/ESP8266_RTOS_SDK/myproject/tcp_client/build/bootloader/spi_flash\libspi_flash.a(spi_flash.o)
                0x40101014                spi_user_cmd
 *fill*         0x40101061        0x3 
 .text.special_flash_read_status
                0x40101064       0x39 E:/msys32/home/Administrator/ESP8266_RTOS_SDK/myproject/tcp_client/build/bootloader/spi_flash\libspi_flash.a(spi_flash.o)
                                 0x3d (size before relaxing)
                0x40101064                special_flash_read_status
 *fill*         0x4010109d        0x3 
 .text.flash_gd25q32c_read_status
                0x401010a0       0x33 E:/msys32/home/Administrator/ESP8266_RTOS_SDK/myproject/tcp_client/build/bootloader/spi_flash\libspi_flash.a(spi_flash.o)
 *fill*         0x401010d3        0x1 
 .text.special_flash_write_status
                0x401010d4       0x59 E:/msys32/home/Administrator/ESP8266_RTOS_SDK/myproject/tcp_client/build/bootloader/spi_flash\libspi_flash.a(spi_flash.o)
                                 0x61 (size before relaxing)
                0x401010d4                special_flash_write_status
 *fill*         0x4010112d        0x3 
 .text.spi_flash_enable_qio_bit6
                0x40101130       0x17 E:/msys32/home/Administrator/ESP8266_RTOS_SDK/myproject/tcp_client/build/bootloader/spi_flash\libspi_flash.a(spi_flash.o)
                                 0x1b (size before relaxing)
 *fill*         0x40101147        0x1 
 .text.flash_gd25q32c_write_status
                0x40101148       0x30 E:/msys32/home/Administrator/ESP8266_RTOS_SDK/myproject/tcp_client/build/bootloader/spi_flash\libspi_flash.a(spi_flash.o)
 .text.flash_gd25q32c_enable_QIO_mode
                0x40101178       0x3e E:/msys32/home/Administrator/ESP8266_RTOS_SDK/myproject/tcp_client/build/bootloader/spi_flash\libspi_flash.a(spi_flash.o)
                                 0x46 (size before relaxing)
 *fill*         0x401011b6        0x2 
 .text.en25q16x_read_sfdp
                0x401011b8       0x43 E:/msys32/home/Administrator/ESP8266_RTOS_SDK/myproject/tcp_client/build/bootloader/spi_flash\libspi_flash.a(spi_flash.o)
                0x401011b8                en25q16x_read_sfdp
 *fill*         0x401011fb        0x1 
 .text.spi_flash_get_id
                0x401011fc       0x26 E:/msys32/home/Administrator/ESP8266_RTOS_SDK/myproject/tcp_client/build/bootloader/spi_flash\libspi_flash.a(spi_flash.o)
                0x401011fc                spi_flash_get_id
 *fill*         0x40101222        0x2 
 .text.spi_flash_read_status
                0x40101224       0x28 E:/msys32/home/Administrator/ESP8266_RTOS_SDK/myproject/tcp_client/build/bootloader/spi_flash\libspi_flash.a(spi_flash.o)
                0x40101224                spi_flash_read_status
 .text.spi_flash_issi_enable_QIO_mode
                0x4010124c       0x43 E:/msys32/home/Administrator/ESP8266_RTOS_SDK/myproject/tcp_client/build/bootloader/spi_flash\libspi_flash.a(spi_flash.o)
                                 0x4b (size before relaxing)
 *fill*         0x4010128f        0x1 
 .text.special_flash_set_mode
                0x40101290       0x40 E:/msys32/home/Administrator/ESP8266_RTOS_SDK/myproject/tcp_client/build/bootloader/spi_flash\libspi_flash.a(spi_flash.o)
                                 0x44 (size before relaxing)
                0x40101290                special_flash_set_mode
 .text.en25q16x_write_volatile_status
                0x401012d0       0x4f E:/msys32/home/Administrator/ESP8266_RTOS_SDK/myproject/tcp_client/build/bootloader/spi_flash\libspi_flash.a(spi_flash.o)
                                 0x5b (size before relaxing)
                0x401012d0                en25q16x_write_volatile_status
 *fill*         0x4010131f        0x1 
 .text.user_spi_flash_dio_to_qio_pre_init
                0x40101320       0xd1 E:/msys32/home/Administrator/ESP8266_RTOS_SDK/myproject/tcp_client/build/bootloader/spi_flash\libspi_flash.a(spi_flash.o)
                                 0xdd (size before relaxing)
                0x40101320                user_spi_flash_dio_to_qio_pre_init
 *fill*         0x401013f1        0x3 
 .text.esp_spi_flash_init
                0x401013f4       0xc1 E:/msys32/home/Administrator/ESP8266_RTOS_SDK/myproject/tcp_client/build/bootloader/spi_flash\libspi_flash.a(spi_flash.o)
                                 0xc5 (size before relaxing)
                0x401013f4                esp_spi_flash_init
 *fill*         0x401014b5        0x3 
 .text.Cache_Read_Disable_2
                0x401014b8       0x34 E:/msys32/home/Administrator/ESP8266_RTOS_SDK/myproject/tcp_client/build/bootloader/spi_flash\libspi_flash.a(spi_flash_raw.o)
                0x401014b8                Cache_Read_Disable_2
 .text.Cache_Read_Enable_2
                0x401014ec       0x28 E:/msys32/home/Administrator/ESP8266_RTOS_SDK/myproject/tcp_client/build/bootloader/spi_flash\libspi_flash.a(spi_flash_raw.o)
                0x401014ec                Cache_Read_Enable_2
                0x401014ec                Cache_Read_Enable_New
 .text.spi_flash_get_id_raw
                0x40101514       0x57 E:/msys32/home/Administrator/ESP8266_RTOS_SDK/myproject/tcp_client/build/bootloader/spi_flash\libspi_flash.a(spi_flash_raw.o)
                0x40101514                spi_flash_get_id_raw
 *fill*         0x4010156b        0x1 
 .text.spi_flash_read_status_raw
                0x4010156c       0x2f E:/msys32/home/Administrator/ESP8266_RTOS_SDK/myproject/tcp_client/build/bootloader/spi_flash\libspi_flash.a(spi_flash_raw.o)
                                 0x33 (size before relaxing)
                0x4010156c                spi_flash_read_status_raw
 *fill*         0x4010159b        0x1 
 .text.spi_flash_enable_qmode_raw
                0x4010159c       0x33 E:/msys32/home/Administrator/ESP8266_RTOS_SDK/myproject/tcp_client/build/bootloader/spi_flash\libspi_flash.a(spi_flash_raw.o)
                                 0x37 (size before relaxing)
                0x4010159c                spi_flash_enable_qmode_raw
 *fill*         0x401015cf        0x1 
 .text.spi_user_cmd_raw
                0x401015d0      0x3d7 E:/msys32/home/Administrator/ESP8266_RTOS_SDK/myproject/tcp_client/build/bootloader/spi_flash\libspi_flash.a(spi_flash_raw.o)
                0x401015d0                spi_user_cmd_raw
 *fill*         0x401019a7        0x1 
 .text.spi_flash_switch_to_qio_raw
                0x401019a8       0x25 E:/msys32/home/Administrator/ESP8266_RTOS_SDK/myproject/tcp_client/build/bootloader/spi_flash\libspi_flash.a(spi_flash_raw.o)
                0x401019a8                spi_flash_switch_to_qio_raw
 *fill*         0x401019cd        0x3 
 .text.uart_putc
                0x401019d0       0x21 E:/msys32/home/Administrator/ESP8266_RTOS_SDK/myproject/tcp_client/build/bootloader/esp8266\libesp8266.a(ets_printf.o)
 *fill*         0x401019f1        0x3 
 .text.ets_putc
                0x401019f4       0x27 E:/msys32/home/Administrator/ESP8266_RTOS_SDK/myproject/tcp_client/build/bootloader/esp8266\libesp8266.a(ets_printf.o)
                0x401019f4                ets_putc
 *fill*         0x40101a1b        0x1 
 .text.ets_vprintf
                0x40101a1c       0x1f E:/msys32/home/Administrator/ESP8266_RTOS_SDK/myproject/tcp_client/build/bootloader/esp8266\libesp8266.a(ets_printf.o)
                0x40101a1c                ets_vprintf
 *fill*         0x40101a3b        0x1 
 .text.ets_printf
                0x40101a3c       0x27 E:/msys32/home/Administrator/ESP8266_RTOS_SDK/myproject/tcp_client/build/bootloader/esp8266\libesp8266.a(ets_printf.o)
                                 0x2b (size before relaxing)
                0x40101a3c                ets_printf
 *fill*         0x40101a63        0x1 
 .text.crc32_le
                0x40101a64       0x2f E:/msys32/home/Administrator/ESP8266_RTOS_SDK/myproject/tcp_client/build/bootloader/util\libutil.a(crc.o)
                0x40101a64                crc32_le
 *fill*         0x40101a93        0x1 
 .text.phy_reg_default
                0x40101a94       0x36 E:/msys32/home/Administrator/ESP8266_RTOS_SDK/components/esp8266/lib\libcore.a(phy.o)
                0x40101aa4                phy_reg_default
 *fill*         0x40101aca        0x2 
 .text.uart_div_modify
                0x40101acc       0x50 E:/msys32/home/Administrator/ESP8266_RTOS_SDK/components/esp8266/lib\libcore.a(uart.o)
                0x40101adc                uart_div_modify
 *fill*         0x40101b1c        0x0 
 *fill*         0x40101b1c        0x0 
 .text.index_to_partition
                0x40101b1c       0x4b E:/msys32/home/Administrator/ESP8266_RTOS_SDK/myproject/tcp_client/build/bootloader/bootloader_support\libbootloader_support.a(bootloader_utility.o)
 *fill*         0x40101b67        0x0 
 *fill*         0x40101b67        0x0 
 *fill*         0x40101b67        0x0 
 *fill*         0x40101b67        0x0 
 *fill*         0x40101b67        0x0 
 *fill*         0x40101b67        0x0 
 *fill*         0x40101b67        0x0 
 *fill*         0x40101b67        0x0 
 *fill*         0x40101b67        0x0 
 *fill*         0x40101b67        0x0 
 *fill*         0x40101b67        0x0 
 *fill*         0x40101b67        0x0 
 *fill*         0x40101b67        0x0 
 *fill*         0x40101b67        0x0 
 *fill*         0x40101b67        0x0 
 *fill*         0x40101b67        0x1 
 .text.verify_segment_header
                0x40101b68        0x4 E:/msys32/home/Administrator/ESP8266_RTOS_SDK/myproject/tcp_client/build/bootloader/bootloader_support\libbootloader_support.a(esp_image_format.o)
 *fill*         0x40101b6c        0x0 
 *fill*         0x40101b6c        0x0 
 *fill*         0x40101b6c        0x0 
 *fill*         0x40101b6c        0x0 
 *fill*         0x40101b6c        0x0 
 *fill*         0x40101b6c        0x0 
 *fill*         0x40101b6c        0x0 
 *fill*         0x40101b6c        0x0 
 *fill*         0x40101b6c        0x0 
 *fill*         0x40101b6c        0x0 
 *fill*         0x40101b6c        0x0 
 *fill*         0x40101b6c        0x0 
 *fill*         0x40101b6c        0x0 
 *fill*         0x40101b6c        0x0 
 *fill*         0x40101b6c        0x0 
 *fill*         0x40101b6c        0x0 
 *fill*         0x40101b6c        0x0 
 *fill*         0x40101b6c        0x0 
 *fill*         0x40101b6c        0x0 
 *fill*         0x40101b6c        0x0 
 *fill*         0x40101b6c        0x0 
 *fill*         0x40101b6c        0x0 
 *fill*         0x40101b6c        0x0 
 *fill*         0x40101b6c        0x0 
 *fill*         0x40101b6c        0x0 
 *fill*         0x40101b6c        0x0 
 *fill*         0x40101b6c        0x0 
 *fill*         0x40101b6c        0x0 
 *fill*         0x40101b6c        0x0 
 *fill*         0x40101b6c        0x0 
 *fill*         0x40101b6c        0x0 
 *(.iram1 .iram1.*)
 .iram1         0x40101b6c       0xae E:/msys32/home/Administrator/ESP8266_RTOS_SDK/myproject/tcp_client/build/bootloader/log\liblog.a(log.o)
                                 0xb8 (size before relaxing)
                0x40101b6c                esp_log_early_timestamp
                0x40101b88                esp_early_log_write
 *(.fini.literal)
 *(.fini)
 *(.gnu.version)
                0x40101c1a                _text_end = ABSOLUTE (.)
                0x40101c1a                _etext = .

.bss            0x3ffe8000      0x408
                0x3ffe8000                . = ALIGN (0x8)
                0x3ffe8000                _bss_start = ABSOLUTE (.)
 *(.dynsbss)
 *(.sbss)
 *(.sbss.*)
 *(.gnu.linkonce.sb.*)
 *(.scommon)
 *(.sbss2)
 *(.sbss2.*)
 *(.gnu.linkonce.sb2.*)
 *(.dynbss)
 *(.bss)
 *(.bss.*)
 .bss.mapped    0x3ffe8000        0x1 E:/msys32/home/Administrator/ESP8266_RTOS_SDK/myproject/tcp_client/build/bootloader/bootloader_support\libbootloader_support.a(bootloader_flash.o)
 *fill*         0x3ffe8001        0x3 
 .bss.pbuf$3385
                0x3ffe8004      0x400 E:/msys32/home/Administrator/ESP8266_RTOS_SDK/myproject/tcp_client/build/bootloader/bootloader_support\libbootloader_support.a(esp_image_format.o)
 .bss.FlashIsOnGoing
                0x3ffe8404        0x1 E:/msys32/home/Administrator/ESP8266_RTOS_SDK/myproject/tcp_client/build/bootloader/spi_flash\libspi_flash.a(spi_flash.o)
                0x3ffe8404                FlashIsOnGoing
 *(.gnu.linkonce.b.*)
 *(COMMON)
                0x3ffe8408                . = ALIGN (0x8)
 *fill*         0x3ffe8405        0x3 
                0x3ffe8408                _bss_end = ABSOLUTE (.)

.data           0x3ffe8408       0x18
                0x3ffe8408                _data_start = ABSOLUTE (.)
 *(.data)
 *(.data.*)
 .data.flashchip
                0x3ffe8408       0x18 E:/msys32/home/Administrator/ESP8266_RTOS_SDK/myproject/tcp_client/build/bootloader/spi_flash\libspi_flash.a(spi_flash.o)
                0x3ffe8408                flashchip
 *(.gnu.linkonce.d.*)
 *(.data1)
 *(.sdata)
 *(.sdata.*)
 *(.gnu.linkonce.s.*)
 *(.sdata2)
 *(.sdata2.*)
 *(.gnu.linkonce.s2.*)
 *(.jcr)
                0x3ffe8420                _data_end = ABSOLUTE (.)

.rodata         0x3ffe8420      0xdc4
                0x3ffe8420                _rodata_start = ABSOLUTE (.)
 *(.rodata)
 *(.rodata.*)
 .rodata.str1.4
                0x3ffe8420       0x21 E:/msys32/home/Administrator/ESP8266_RTOS_SDK/myproject/tcp_client/build/bootloader/main\libmain.a(bootloader_start.o)
 *fill*         0x3ffe8441        0x3 
 .rodata.str1.4
                0x3ffe8444      0x38a E:/msys32/home/Administrator/ESP8266_RTOS_SDK/myproject/tcp_client/build/bootloader/bootloader_support\libbootloader_support.a(bootloader_utility.o)
                                0x392 (size before relaxing)
 *fill*         0x3ffe87ce        0x2 
 .rodata.str1.4
                0x3ffe87d0       0xe2 E:/msys32/home/Administrator/ESP8266_RTOS_SDK/myproject/tcp_client/build/bootloader/bootloader_support\libbootloader_support.a(bootloader_init.o)
                                 0xf2 (size before relaxing)
 *fill*         0x3ffe88b2        0x2 
 .rodata.print_flash_info
                0x3ffe88b4       0x28 E:/msys32/home/Administrator/ESP8266_RTOS_SDK/myproject/tcp_client/build/bootloader/bootloader_support\libbootloader_support.a(bootloader_init.o)
 .rodata.str1.4
                0x3ffe88dc      0x17b E:/msys32/home/Administrator/ESP8266_RTOS_SDK/myproject/tcp_client/build/bootloader/bootloader_support\libbootloader_support.a(bootloader_flash.o)
 *fill*         0x3ffe8a57        0x1 
 .rodata.str1.4
                0x3ffe8a58      0x26b E:/msys32/home/Administrator/ESP8266_RTOS_SDK/myproject/tcp_client/build/bootloader/bootloader_support\libbootloader_support.a(esp_image_format.o)
                                0x26f (size before relaxing)
 *fill*         0x3ffe8cc3        0x1 
 .rodata.str1.4
                0x3ffe8cc4       0xb4 E:/msys32/home/Administrator/ESP8266_RTOS_SDK/myproject/tcp_client/build/bootloader/bootloader_support\libbootloader_support.a(flash_partitions.o)
 .rodata.str1.4
                0x3ffe8d78       0x29 E:/msys32/home/Administrator/ESP8266_RTOS_SDK/myproject/tcp_client/build/bootloader/spi_flash\libspi_flash.a(spi_flash.o)
 *fill*         0x3ffe8da1        0x3 
 .rodata.str1.4
                0x3ffe8da4       0x20 E:/msys32/home/Administrator/ESP8266_RTOS_SDK/myproject/tcp_client/build/bootloader/log\liblog.a(log.o)
                                 0x22 (size before relaxing)
 .rodata.s_log_prefix
                0x3ffe8dc4        0x6 E:/msys32/home/Administrator/ESP8266_RTOS_SDK/myproject/tcp_client/build/bootloader/log\liblog.a(log.o)
 *fill*         0x3ffe8dca        0x2 
 .rodata.s_log_color
                0x3ffe8dcc       0x18 E:/msys32/home/Administrator/ESP8266_RTOS_SDK/myproject/tcp_client/build/bootloader/log\liblog.a(log.o)
 .rodata.crc32_le_table
                0x3ffe8de4      0x400 E:/msys32/home/Administrator/ESP8266_RTOS_SDK/myproject/tcp_client/build/bootloader/util\libutil.a(crc.o)
 *(.gnu.linkonce.r.*)
 *(.rodata1)
                0x3ffe91e4                __XT_EXCEPTION_TABLE_ = ABSOLUTE (.)
 *(.xt_except_table)
 *(.gcc_except_table)
 *(.gnu.linkonce.e.*)
 *(.gnu.version_r)
 *(.eh_frame)
                0x3ffe91e4                . = ((. + 0x3) & 0xfffffffc)
                0x3ffe91e4                __init_array_start = ABSOLUTE (.)
 *crtbegin.o(.ctors)
 *(EXCLUDE_FILE(*crtend.o) .ctors)
 *(SORT(.ctors.*))
 *(.ctors)
                0x3ffe91e4                __init_array_end = ABSOLUTE (.)
 *crtbegin.o(.dtors)
 *(EXCLUDE_FILE(*crtend.o) .dtors)
 *(SORT(.dtors.*))
 *(.dtors)
                0x3ffe91e4                __XT_EXCEPTION_DESCS_ = ABSOLUTE (.)
 *(.xt_except_desc)
 *(.gnu.linkonce.h.*)
                0x3ffe91e4                __XT_EXCEPTION_DESCS_END__ = ABSOLUTE (.)
 *(.xt_except_desc_end)
 *(.dynamic)
 *(.gnu.version_d)
                0x3ffe91e4                _rodata_end = ABSOLUTE (.)
                0x3ffe91e4                _lit4_start = ABSOLUTE (.)
 *(*.lit4)
 *(.lit4.*)
 *(.gnu.linkonce.lit4.*)
                0x3ffe91e4                _lit4_end = ABSOLUTE (.)
                0x3ffe91e4                . = ALIGN (0x4)
                0x3ffe91e4                _heap_start = ABSOLUTE (.)
                0x400040c0                PROVIDE (SPI_sector_erase, 0x400040c0)
                0x40004174                PROVIDE (SPI_page_program, 0x40004174)
                0x400042ac                PROVIDE (SPI_read_data, 0x400042ac)
                0x400043c8                PROVIDE (SPI_read_status, 0x400043c8)
                0x40004400                PROVIDE (SPI_write_status, 0x40004400)
                0x4000443c                PROVIDE (SPI_write_enable, 0x4000443c)
                0x4000448c                PROVIDE (Wait_SPI_Idle, 0x4000448c)
                0x400044c0                PROVIDE (Enable_QMode, 0x400044c0)
                [!provide]                PROVIDE (Disable_QMode, 0x40004508)
                0x40004678                PROVIDE (Cache_Read_Enable, 0x40004678)
                0x400047f0                PROVIDE (Cache_Read_Disable, 0x400047f0)
                [!provide]                PROVIDE (lldesc_build_chain, 0x40004f40)
                [!provide]                PROVIDE (lldesc_num2link, 0x40005050)
                [!provide]                PROVIDE (lldesc_set_owner, 0x4000507c)
                [!provide]                PROVIDE (__adddf3, 0x4000c538)
                [!provide]                PROVIDE (__addsf3, 0x4000c180)
                [!provide]                PROVIDE (__divdf3, 0x4000cb94)
                [!provide]                PROVIDE (__divdi3, 0x4000ce60)
                [!provide]                PROVIDE (__divsi3, 0x4000dc88)
                [!provide]                PROVIDE (__extendsfdf2, 0x4000cdfc)
                [!provide]                PROVIDE (__fixdfsi, 0x4000ccb8)
                [!provide]                PROVIDE (__fixunsdfsi, 0x4000cd00)
                [!provide]                PROVIDE (__fixunssfsi, 0x4000c4c4)
                [!provide]                PROVIDE (__floatsidf, 0x4000e2f0)
                [!provide]                PROVIDE (__floatsisf, 0x4000e2ac)
                [!provide]                PROVIDE (__floatunsidf, 0x4000e2e8)
                [!provide]                PROVIDE (__floatunsisf, 0x4000e2a4)
                [!provide]                PROVIDE (__muldf3, 0x4000c8f0)
                [!provide]                PROVIDE (__muldi3, 0x40000650)
                [!provide]                PROVIDE (__mulsf3, 0x4000c3dc)
                [!provide]                PROVIDE (__subdf3, 0x4000c688)
                [!provide]                PROVIDE (__subsf3, 0x4000c268)
                [!provide]                PROVIDE (__truncdfsf2, 0x4000cd5c)
                [!provide]                PROVIDE (__udivdi3, 0x4000d310)
                0x4000e21c                PROVIDE (__udivsi3, 0x4000e21c)
                [!provide]                PROVIDE (__umoddi3, 0x4000d770)
                0x4000e268                PROVIDE (__umodsi3, 0x4000e268)
                [!provide]                PROVIDE (__umulsidi3, 0x4000dcf0)
                [!provide]                PROVIDE (bzero, 0x4000de84)
                [!provide]                PROVIDE (memcmp, 0x4000dea8)
                0x4000df48                PROVIDE (memcpy, 0x4000df48)
                [!provide]                PROVIDE (memmove, 0x4000e04c)
                0x4000e190                PROVIDE (memset, 0x4000e190)
                [!provide]                PROVIDE (strcmp, 0x4000bdc8)
                [!provide]                PROVIDE (strcpy, 0x4000bec8)
                [!provide]                PROVIDE (strlen, 0x4000bf4c)
                [!provide]                PROVIDE (strncmp, 0x4000bfa8)
                [!provide]                PROVIDE (strncpy, 0x4000c0a0)
                [!provide]                PROVIDE (strstr, 0x4000e1e0)
                0x40004cf0                PROVIDE (gpio_input_get, 0x40004cf0)
                [!provide]                PROVIDE (gpio_pin_wakeup_disable, 0x40004ed4)
                [!provide]                PROVIDE (gpio_pin_wakeup_enable, 0x40004e90)
                0x40001f00                PROVIDE (ets_io_vprintf, 0x40001f00)
                [!provide]                PROVIDE (ets_memcpy, 0x400018b4)
                0x40004b1c                PROVIDE (SPIRead, 0x40004b1c)
                0x40004a4c                PROVIDE (SPIWrite, 0x40004a4c)
                0x40004a00                PROVIDE (SPIEraseSector, 0x40004a00)
                [!provide]                PROVIDE (gpio_input_get, 0x40004cf0)
                0x4000dd38                PROVIDE (xthal_get_ccount, 0x4000dd38)
                [!provide]                PROVIDE (uart_div_modify, 0x400039d8)
                [!provide]                PROVIDE (ets_io_vprintf, 0x40001f00)
OUTPUT(E:/msys32/home/Administrator/ESP8266_RTOS_SDK/myproject/tcp_client/build/bootloader/bootloader.elf elf32-xtensa-le)

.debug_frame    0x00000000      0xaa8
 .debug_frame   0x00000000       0x74 E:/msys32/home/Administrator/ESP8266_RTOS_SDK/myproject/tcp_client/build/bootloader/main\libmain.a(bootloader_start.o)
 .debug_frame   0x00000074       0xfc E:/msys32/home/Administrator/ESP8266_RTOS_SDK/myproject/tcp_client/build/bootloader/bootloader_support\libbootloader_support.a(bootloader_utility.o)
 .debug_frame   0x00000170       0xb4 E:/msys32/home/Administrator/ESP8266_RTOS_SDK/myproject/tcp_client/build/bootloader/bootloader_support\libbootloader_support.a(bootloader_init.o)
 .debug_frame   0x00000224       0xd8 E:/msys32/home/Administrator/ESP8266_RTOS_SDK/myproject/tcp_client/build/bootloader/bootloader_support\libbootloader_support.a(bootloader_flash.o)
 .debug_frame   0x000002fc      0x13c E:/msys32/home/Administrator/ESP8266_RTOS_SDK/myproject/tcp_client/build/bootloader/bootloader_support\libbootloader_support.a(esp_image_format.o)
 .debug_frame   0x00000438       0x38 E:/msys32/home/Administrator/ESP8266_RTOS_SDK/myproject/tcp_client/build/bootloader/bootloader_support\libbootloader_support.a(flash_partitions.o)
 .debug_frame   0x00000470       0x74 E:/msys32/home/Administrator/ESP8266_RTOS_SDK/myproject/tcp_client/build/bootloader/bootloader_support\libbootloader_support.a(bootloader_common.o)
 .debug_frame   0x000004e4      0x340 E:/msys32/home/Administrator/ESP8266_RTOS_SDK/myproject/tcp_client/build/bootloader/spi_flash\libspi_flash.a(spi_flash.o)
 .debug_frame   0x00000824      0x16c E:/msys32/home/Administrator/ESP8266_RTOS_SDK/myproject/tcp_client/build/bootloader/spi_flash\libspi_flash.a(spi_flash_raw.o)
 .debug_frame   0x00000990       0x58 E:/msys32/home/Administrator/ESP8266_RTOS_SDK/myproject/tcp_client/build/bootloader/log\liblog.a(log.o)
 .debug_frame   0x000009e8       0x80 E:/msys32/home/Administrator/ESP8266_RTOS_SDK/myproject/tcp_client/build/bootloader/esp8266\libesp8266.a(ets_printf.o)
 .debug_frame   0x00000a68       0x40 E:/msys32/home/Administrator/ESP8266_RTOS_SDK/myproject/tcp_client/build/bootloader/util\libutil.a(crc.o)

.debug_info     0x00000000     0x5172
 .debug_info    0x00000000      0x4b5 E:/msys32/home/Administrator/ESP8266_RTOS_SDK/myproject/tcp_client/build/bootloader/main\libmain.a(bootloader_start.o)
 .debug_info    0x000004b5      0xd2a E:/msys32/home/Administrator/ESP8266_RTOS_SDK/myproject/tcp_client/build/bootloader/bootloader_support\libbootloader_support.a(bootloader_utility.o)
 .debug_info    0x000011df      0x4fd E:/msys32/home/Administrator/ESP8266_RTOS_SDK/myproject/tcp_client/build/bootloader/bootloader_support\libbootloader_support.a(bootloader_init.o)
 .debug_info    0x000016dc      0x506 E:/msys32/home/Administrator/ESP8266_RTOS_SDK/myproject/tcp_client/build/bootloader/bootloader_support\libbootloader_support.a(bootloader_flash.o)
 .debug_info    0x00001be2      0xcf6 E:/msys32/home/Administrator/ESP8266_RTOS_SDK/myproject/tcp_client/build/bootloader/bootloader_support\libbootloader_support.a(esp_image_format.o)
 .debug_info    0x000028d8      0x3da E:/msys32/home/Administrator/ESP8266_RTOS_SDK/myproject/tcp_client/build/bootloader/bootloader_support\libbootloader_support.a(flash_partitions.o)
 .debug_info    0x00002cb2      0x341 E:/msys32/home/Administrator/ESP8266_RTOS_SDK/myproject/tcp_client/build/bootloader/bootloader_support\libbootloader_support.a(bootloader_common.o)
 .debug_info    0x00002ff3     0x133d E:/msys32/home/Administrator/ESP8266_RTOS_SDK/myproject/tcp_client/build/bootloader/spi_flash\libspi_flash.a(spi_flash.o)
 .debug_info    0x00004330      0x75a E:/msys32/home/Administrator/ESP8266_RTOS_SDK/myproject/tcp_client/build/bootloader/spi_flash\libspi_flash.a(spi_flash_raw.o)
 .debug_info    0x00004a8a      0x2c0 E:/msys32/home/Administrator/ESP8266_RTOS_SDK/myproject/tcp_client/build/bootloader/log\liblog.a(log.o)
 .debug_info    0x00004d4a      0x21f E:/msys32/home/Administrator/ESP8266_RTOS_SDK/myproject/tcp_client/build/bootloader/esp8266\libesp8266.a(ets_printf.o)
 .debug_info    0x00004f69      0x209 E:/msys32/home/Administrator/ESP8266_RTOS_SDK/myproject/tcp_client/build/bootloader/util\libutil.a(crc.o)

.debug_abbrev   0x00000000     0x140f
 .debug_abbrev  0x00000000      0x18e E:/msys32/home/Administrator/ESP8266_RTOS_SDK/myproject/tcp_client/build/bootloader/main\libmain.a(bootloader_start.o)
 .debug_abbrev  0x0000018e      0x23c E:/msys32/home/Administrator/ESP8266_RTOS_SDK/myproject/tcp_client/build/bootloader/bootloader_support\libbootloader_support.a(bootloader_utility.o)
 .debug_abbrev  0x000003ca      0x1c1 E:/msys32/home/Administrator/ESP8266_RTOS_SDK/myproject/tcp_client/build/bootloader/bootloader_support\libbootloader_support.a(bootloader_init.o)
 .debug_abbrev  0x0000058b      0x173 E:/msys32/home/Administrator/ESP8266_RTOS_SDK/myproject/tcp_client/build/bootloader/bootloader_support\libbootloader_support.a(bootloader_flash.o)
 .debug_abbrev  0x000006fe      0x1e6 E:/msys32/home/Administrator/ESP8266_RTOS_SDK/myproject/tcp_client/build/bootloader/bootloader_support\libbootloader_support.a(esp_image_format.o)
 .debug_abbrev  0x000008e4      0x17d E:/msys32/home/Administrator/ESP8266_RTOS_SDK/myproject/tcp_client/build/bootloader/bootloader_support\libbootloader_support.a(flash_partitions.o)
 .debug_abbrev  0x00000a61      0x1aa E:/msys32/home/Administrator/ESP8266_RTOS_SDK/myproject/tcp_client/build/bootloader/bootloader_support\libbootloader_support.a(bootloader_common.o)
 .debug_abbrev  0x00000c0b      0x2fd E:/msys32/home/Administrator/ESP8266_RTOS_SDK/myproject/tcp_client/build/bootloader/spi_flash\libspi_flash.a(spi_flash.o)
 .debug_abbrev  0x00000f08      0x185 E:/msys32/home/Administrator/ESP8266_RTOS_SDK/myproject/tcp_client/build/bootloader/spi_flash\libspi_flash.a(spi_flash_raw.o)
 .debug_abbrev  0x0000108d      0x17a E:/msys32/home/Administrator/ESP8266_RTOS_SDK/myproject/tcp_client/build/bootloader/log\liblog.a(log.o)
 .debug_abbrev  0x00001207      0x159 E:/msys32/home/Administrator/ESP8266_RTOS_SDK/myproject/tcp_client/build/bootloader/esp8266\libesp8266.a(ets_printf.o)
 .debug_abbrev  0x00001360       0xaf E:/msys32/home/Administrator/ESP8266_RTOS_SDK/myproject/tcp_client/build/bootloader/util\libutil.a(crc.o)

.debug_loc      0x00000000     0x3122
 .debug_loc     0x00000000       0x76 E:/msys32/home/Administrator/ESP8266_RTOS_SDK/myproject/tcp_client/build/bootloader/main\libmain.a(bootloader_start.o)
 .debug_loc     0x00000076      0x5c4 E:/msys32/home/Administrator/ESP8266_RTOS_SDK/myproject/tcp_client/build/bootloader/bootloader_support\libbootloader_support.a(bootloader_utility.o)
 .debug_loc     0x0000063a       0xf6 E:/msys32/home/Administrator/ESP8266_RTOS_SDK/myproject/tcp_client/build/bootloader/bootloader_support\libbootloader_support.a(bootloader_init.o)
 .debug_loc     0x00000730      0x33b E:/msys32/home/Administrator/ESP8266_RTOS_SDK/myproject/tcp_client/build/bootloader/bootloader_support\libbootloader_support.a(bootloader_flash.o)
 .debug_loc     0x00000a6b      0x991 E:/msys32/home/Administrator/ESP8266_RTOS_SDK/myproject/tcp_client/build/bootloader/bootloader_support\libbootloader_support.a(esp_image_format.o)
 .debug_loc     0x000013fc      0x108 E:/msys32/home/Administrator/ESP8266_RTOS_SDK/myproject/tcp_client/build/bootloader/bootloader_support\libbootloader_support.a(flash_partitions.o)
 .debug_loc     0x00001504      0x2e6 E:/msys32/home/Administrator/ESP8266_RTOS_SDK/myproject/tcp_client/build/bootloader/bootloader_support\libbootloader_support.a(bootloader_common.o)
 .debug_loc     0x000017ea     0x10af E:/msys32/home/Administrator/ESP8266_RTOS_SDK/myproject/tcp_client/build/bootloader/spi_flash\libspi_flash.a(spi_flash.o)
 .debug_loc     0x00002899      0x5a0 E:/msys32/home/Administrator/ESP8266_RTOS_SDK/myproject/tcp_client/build/bootloader/spi_flash\libspi_flash.a(spi_flash_raw.o)
 .debug_loc     0x00002e39       0xce E:/msys32/home/Administrator/ESP8266_RTOS_SDK/myproject/tcp_client/build/bootloader/log\liblog.a(log.o)
 .debug_loc     0x00002f07       0x9b E:/msys32/home/Administrator/ESP8266_RTOS_SDK/myproject/tcp_client/build/bootloader/esp8266\libesp8266.a(ets_printf.o)
 .debug_loc     0x00002fa2      0x180 E:/msys32/home/Administrator/ESP8266_RTOS_SDK/myproject/tcp_client/build/bootloader/util\libutil.a(crc.o)

.debug_aranges  0x00000000      0x398
 .debug_aranges
                0x00000000       0x30 E:/msys32/home/Administrator/ESP8266_RTOS_SDK/myproject/tcp_client/build/bootloader/main\libmain.a(bootloader_start.o)
 .debug_aranges
                0x00000030       0x50 E:/msys32/home/Administrator/ESP8266_RTOS_SDK/myproject/tcp_client/build/bootloader/bootloader_support\libbootloader_support.a(bootloader_utility.o)
 .debug_aranges
                0x00000080       0x40 E:/msys32/home/Administrator/ESP8266_RTOS_SDK/myproject/tcp_client/build/bootloader/bootloader_support\libbootloader_support.a(bootloader_init.o)
 .debug_aranges
                0x000000c0       0x48 E:/msys32/home/Administrator/ESP8266_RTOS_SDK/myproject/tcp_client/build/bootloader/bootloader_support\libbootloader_support.a(bootloader_flash.o)
 .debug_aranges
                0x00000108       0x60 E:/msys32/home/Administrator/ESP8266_RTOS_SDK/myproject/tcp_client/build/bootloader/bootloader_support\libbootloader_support.a(esp_image_format.o)
 .debug_aranges
                0x00000168       0x20 E:/msys32/home/Administrator/ESP8266_RTOS_SDK/myproject/tcp_client/build/bootloader/bootloader_support\libbootloader_support.a(flash_partitions.o)
 .debug_aranges
                0x00000188       0x30 E:/msys32/home/Administrator/ESP8266_RTOS_SDK/myproject/tcp_client/build/bootloader/bootloader_support\libbootloader_support.a(bootloader_common.o)
 .debug_aranges
                0x000001b8       0xe0 E:/msys32/home/Administrator/ESP8266_RTOS_SDK/myproject/tcp_client/build/bootloader/spi_flash\libspi_flash.a(spi_flash.o)
 .debug_aranges
                0x00000298       0x70 E:/msys32/home/Administrator/ESP8266_RTOS_SDK/myproject/tcp_client/build/bootloader/spi_flash\libspi_flash.a(spi_flash_raw.o)
 .debug_aranges
                0x00000308       0x28 E:/msys32/home/Administrator/ESP8266_RTOS_SDK/myproject/tcp_client/build/bootloader/log\liblog.a(log.o)
 .debug_aranges
                0x00000330       0x38 E:/msys32/home/Administrator/ESP8266_RTOS_SDK/myproject/tcp_client/build/bootloader/esp8266\libesp8266.a(ets_printf.o)
 .debug_aranges
                0x00000368       0x30 E:/msys32/home/Administrator/ESP8266_RTOS_SDK/myproject/tcp_client/build/bootloader/util\libutil.a(crc.o)

.debug_ranges   0x00000000      0x3f0
 .debug_ranges  0x00000000       0x20 E:/msys32/home/Administrator/ESP8266_RTOS_SDK/myproject/tcp_client/build/bootloader/main\libmain.a(bootloader_start.o)
 .debug_ranges  0x00000020       0x40 E:/msys32/home/Administrator/ESP8266_RTOS_SDK/myproject/tcp_client/build/bootloader/bootloader_support\libbootloader_support.a(bootloader_utility.o)
 .debug_ranges  0x00000060       0x30 E:/msys32/home/Administrator/ESP8266_RTOS_SDK/myproject/tcp_client/build/bootloader/bootloader_support\libbootloader_support.a(bootloader_init.o)
 .debug_ranges  0x00000090       0x38 E:/msys32/home/Administrator/ESP8266_RTOS_SDK/myproject/tcp_client/build/bootloader/bootloader_support\libbootloader_support.a(bootloader_flash.o)
 .debug_ranges  0x000000c8       0x80 E:/msys32/home/Administrator/ESP8266_RTOS_SDK/myproject/tcp_client/build/bootloader/bootloader_support\libbootloader_support.a(esp_image_format.o)
 .debug_ranges  0x00000148       0x40 E:/msys32/home/Administrator/ESP8266_RTOS_SDK/myproject/tcp_client/build/bootloader/bootloader_support\libbootloader_support.a(flash_partitions.o)
 .debug_ranges  0x00000188       0x20 E:/msys32/home/Administrator/ESP8266_RTOS_SDK/myproject/tcp_client/build/bootloader/bootloader_support\libbootloader_support.a(bootloader_common.o)
 .debug_ranges  0x000001a8      0x188 E:/msys32/home/Administrator/ESP8266_RTOS_SDK/myproject/tcp_client/build/bootloader/spi_flash\libspi_flash.a(spi_flash.o)
 .debug_ranges  0x00000330       0x60 E:/msys32/home/Administrator/ESP8266_RTOS_SDK/myproject/tcp_client/build/bootloader/spi_flash\libspi_flash.a(spi_flash_raw.o)
 .debug_ranges  0x00000390       0x18 E:/msys32/home/Administrator/ESP8266_RTOS_SDK/myproject/tcp_client/build/bootloader/log\liblog.a(log.o)
 .debug_ranges  0x000003a8       0x28 E:/msys32/home/Administrator/ESP8266_RTOS_SDK/myproject/tcp_client/build/bootloader/esp8266\libesp8266.a(ets_printf.o)
 .debug_ranges  0x000003d0       0x20 E:/msys32/home/Administrator/ESP8266_RTOS_SDK/myproject/tcp_client/build/bootloader/util\libutil.a(crc.o)

.debug_line     0x00000000     0x3d73
 .debug_line    0x00000000      0x3d2 E:/msys32/home/Administrator/ESP8266_RTOS_SDK/myproject/tcp_client/build/bootloader/main\libmain.a(bootloader_start.o)
 .debug_line    0x000003d2      0x802 E:/msys32/home/Administrator/ESP8266_RTOS_SDK/myproject/tcp_client/build/bootloader/bootloader_support\libbootloader_support.a(bootloader_utility.o)
 .debug_line    0x00000bd4      0x4b6 E:/msys32/home/Administrator/ESP8266_RTOS_SDK/myproject/tcp_client/build/bootloader/bootloader_support\libbootloader_support.a(bootloader_init.o)
 .debug_line    0x0000108a      0x3b9 E:/msys32/home/Administrator/ESP8266_RTOS_SDK/myproject/tcp_client/build/bootloader/bootloader_support\libbootloader_support.a(bootloader_flash.o)
 .debug_line    0x00001443      0x7b2 E:/msys32/home/Administrator/ESP8266_RTOS_SDK/myproject/tcp_client/build/bootloader/bootloader_support\libbootloader_support.a(esp_image_format.o)
 .debug_line    0x00001bf5      0x367 E:/msys32/home/Administrator/ESP8266_RTOS_SDK/myproject/tcp_client/build/bootloader/bootloader_support\libbootloader_support.a(flash_partitions.o)
 .debug_line    0x00001f5c      0x39f E:/msys32/home/Administrator/ESP8266_RTOS_SDK/myproject/tcp_client/build/bootloader/bootloader_support\libbootloader_support.a(bootloader_common.o)
 .debug_line    0x000022fb      0xcf3 E:/msys32/home/Administrator/ESP8266_RTOS_SDK/myproject/tcp_client/build/bootloader/spi_flash\libspi_flash.a(spi_flash.o)
 .debug_line    0x00002fee      0x663 E:/msys32/home/Administrator/ESP8266_RTOS_SDK/myproject/tcp_client/build/bootloader/spi_flash\libspi_flash.a(spi_flash_raw.o)
 .debug_line    0x00003651      0x2fa E:/msys32/home/Administrator/ESP8266_RTOS_SDK/myproject/tcp_client/build/bootloader/log\liblog.a(log.o)
 .debug_line    0x0000394b      0x261 E:/msys32/home/Administrator/ESP8266_RTOS_SDK/myproject/tcp_client/build/bootloader/esp8266\libesp8266.a(ets_printf.o)
 .debug_line    0x00003bac      0x1c7 E:/msys32/home/Administrator/ESP8266_RTOS_SDK/myproject/tcp_client/build/bootloader/util\libutil.a(crc.o)

.debug_str      0x00000000     0x1876
 .debug_str     0x00000000      0x487 E:/msys32/home/Administrator/ESP8266_RTOS_SDK/myproject/tcp_client/build/bootloader/main\libmain.a(bootloader_start.o)
                                0x510 (size before relaxing)
 .debug_str     0x00000487      0x2be E:/msys32/home/Administrator/ESP8266_RTOS_SDK/myproject/tcp_client/build/bootloader/bootloader_support\libbootloader_support.a(bootloader_utility.o)
                                0x709 (size before relaxing)
 .debug_str     0x00000745      0x2c6 E:/msys32/home/Administrator/ESP8266_RTOS_SDK/myproject/tcp_client/build/bootloader/bootloader_support\libbootloader_support.a(bootloader_init.o)
                                0x5c8 (size before relaxing)
 .debug_str     0x00000a0b      0x120 E:/msys32/home/Administrator/ESP8266_RTOS_SDK/myproject/tcp_client/build/bootloader/bootloader_support\libbootloader_support.a(bootloader_flash.o)
                                0x3bd (size before relaxing)
 .debug_str     0x00000b2b      0x1d0 E:/msys32/home/Administrator/ESP8266_RTOS_SDK/myproject/tcp_client/build/bootloader/bootloader_support\libbootloader_support.a(esp_image_format.o)
                                0x7a9 (size before relaxing)
 .debug_str     0x00000cfb       0xff E:/msys32/home/Administrator/ESP8266_RTOS_SDK/myproject/tcp_client/build/bootloader/bootloader_support\libbootloader_support.a(flash_partitions.o)
                                0x3ea (size before relaxing)
 .debug_str     0x00000dfa      0x174 E:/msys32/home/Administrator/ESP8266_RTOS_SDK/myproject/tcp_client/build/bootloader/bootloader_support\libbootloader_support.a(bootloader_common.o)
                                0x3b3 (size before relaxing)
 .debug_str     0x00000f6e      0x547 E:/msys32/home/Administrator/ESP8266_RTOS_SDK/myproject/tcp_client/build/bootloader/spi_flash\libspi_flash.a(spi_flash.o)
                                0x93c (size before relaxing)
 .debug_str     0x000014b5      0x135 E:/msys32/home/Administrator/ESP8266_RTOS_SDK/myproject/tcp_client/build/bootloader/spi_flash\libspi_flash.a(spi_flash_raw.o)
                                0x503 (size before relaxing)
 .debug_str     0x000015ea      0x12a E:/msys32/home/Administrator/ESP8266_RTOS_SDK/myproject/tcp_client/build/bootloader/log\liblog.a(log.o)
                                0x2e5 (size before relaxing)
 .debug_str     0x00001714       0xdc E:/msys32/home/Administrator/ESP8266_RTOS_SDK/myproject/tcp_client/build/bootloader/esp8266\libesp8266.a(ets_printf.o)
                                0x248 (size before relaxing)
 .debug_str     0x000017f0       0x86 E:/msys32/home/Administrator/ESP8266_RTOS_SDK/myproject/tcp_client/build/bootloader/util\libutil.a(crc.o)
                                0x1aa (size before relaxing)

.comment        0x00000000       0x75
 .comment       0x00000000       0x3b E:/msys32/home/Administrator/ESP8266_RTOS_SDK/myproject/tcp_client/build/bootloader/main\libmain.a(bootloader_start.o)
                                 0x3c (size before relaxing)
 .comment       0x0000003b       0x3c E:/msys32/home/Administrator/ESP8266_RTOS_SDK/myproject/tcp_client/build/bootloader/bootloader_support\libbootloader_support.a(bootloader_utility.o)
 .comment       0x0000003b       0x3c E:/msys32/home/Administrator/ESP8266_RTOS_SDK/myproject/tcp_client/build/bootloader/bootloader_support\libbootloader_support.a(bootloader_init.o)
 .comment       0x0000003b       0x3c E:/msys32/home/Administrator/ESP8266_RTOS_SDK/myproject/tcp_client/build/bootloader/bootloader_support\libbootloader_support.a(bootloader_flash.o)
 .comment       0x0000003b       0x3c E:/msys32/home/Administrator/ESP8266_RTOS_SDK/myproject/tcp_client/build/bootloader/bootloader_support\libbootloader_support.a(esp_image_format.o)
 .comment       0x0000003b       0x3c E:/msys32/home/Administrator/ESP8266_RTOS_SDK/myproject/tcp_client/build/bootloader/bootloader_support\libbootloader_support.a(flash_partitions.o)
 .comment       0x0000003b       0x3c E:/msys32/home/Administrator/ESP8266_RTOS_SDK/myproject/tcp_client/build/bootloader/bootloader_support\libbootloader_support.a(bootloader_common.o)
 .comment       0x0000003b       0x3c E:/msys32/home/Administrator/ESP8266_RTOS_SDK/myproject/tcp_client/build/bootloader/spi_flash\libspi_flash.a(spi_flash.o)
 .comment       0x0000003b       0x3c E:/msys32/home/Administrator/ESP8266_RTOS_SDK/myproject/tcp_client/build/bootloader/spi_flash\libspi_flash.a(spi_flash_raw.o)
 .comment       0x0000003b       0x3c E:/msys32/home/Administrator/ESP8266_RTOS_SDK/myproject/tcp_client/build/bootloader/log\liblog.a(log.o)
 .comment       0x0000003b       0x3c E:/msys32/home/Administrator/ESP8266_RTOS_SDK/myproject/tcp_client/build/bootloader/esp8266\libesp8266.a(ets_printf.o)
 .comment       0x0000003b       0x3c E:/msys32/home/Administrator/ESP8266_RTOS_SDK/myproject/tcp_client/build/bootloader/util\libutil.a(crc.o)
 .comment       0x0000003b       0x3a E:/msys32/home/Administrator/ESP8266_RTOS_SDK/components/esp8266/lib\libcore.a(phy.o)
                                 0x3b (size before relaxing)
 .comment       0x00000075       0x3b E:/msys32/home/Administrator/ESP8266_RTOS_SDK/components/esp8266/lib\libcore.a(uart.o)

.xtensa.info    0x00000000       0x38
 .xtensa.info   0x00000000       0x38 E:/msys32/home/Administrator/ESP8266_RTOS_SDK/myproject/tcp_client/build/bootloader/main\libmain.a(bootloader_start.o)
 .xtensa.info   0x00000038        0x0 E:/msys32/home/Administrator/ESP8266_RTOS_SDK/myproject/tcp_client/build/bootloader/bootloader_support\libbootloader_support.a(bootloader_utility.o)
 .xtensa.info   0x00000038        0x0 E:/msys32/home/Administrator/ESP8266_RTOS_SDK/myproject/tcp_client/build/bootloader/bootloader_support\libbootloader_support.a(bootloader_init.o)
 .xtensa.info   0x00000038        0x0 E:/msys32/home/Administrator/ESP8266_RTOS_SDK/myproject/tcp_client/build/bootloader/bootloader_support\libbootloader_support.a(bootloader_flash.o)
 .xtensa.info   0x00000038        0x0 E:/msys32/home/Administrator/ESP8266_RTOS_SDK/myproject/tcp_client/build/bootloader/bootloader_support\libbootloader_support.a(esp_image_format.o)
 .xtensa.info   0x00000038        0x0 E:/msys32/home/Administrator/ESP8266_RTOS_SDK/myproject/tcp_client/build/bootloader/bootloader_support\libbootloader_support.a(flash_partitions.o)
 .xtensa.info   0x00000038        0x0 E:/msys32/home/Administrator/ESP8266_RTOS_SDK/myproject/tcp_client/build/bootloader/bootloader_support\libbootloader_support.a(bootloader_common.o)
 .xtensa.info   0x00000038        0x0 E:/msys32/home/Administrator/ESP8266_RTOS_SDK/myproject/tcp_client/build/bootloader/spi_flash\libspi_flash.a(spi_flash.o)
 .xtensa.info   0x00000038        0x0 E:/msys32/home/Administrator/ESP8266_RTOS_SDK/myproject/tcp_client/build/bootloader/spi_flash\libspi_flash.a(spi_flash_raw.o)
 .xtensa.info   0x00000038        0x0 E:/msys32/home/Administrator/ESP8266_RTOS_SDK/myproject/tcp_client/build/bootloader/log\liblog.a(log.o)
 .xtensa.info   0x00000038        0x0 E:/msys32/home/Administrator/ESP8266_RTOS_SDK/myproject/tcp_client/build/bootloader/esp8266\libesp8266.a(ets_printf.o)
 .xtensa.info   0x00000038        0x0 E:/msys32/home/Administrator/ESP8266_RTOS_SDK/myproject/tcp_client/build/bootloader/util\libutil.a(crc.o)
 .xtensa.info   0x00000038        0x0 E:/msys32/home/Administrator/ESP8266_RTOS_SDK/components/esp8266/lib\libcore.a(phy.o)
 .xtensa.info   0x00000038        0x0 E:/msys32/home/Administrator/ESP8266_RTOS_SDK/components/esp8266/lib\libcore.a(uart.o)
